Archive member included to satisfy reference by file (symbol)

/home/gl/Projects/ford/OpenCANBox/libopencm3/lib/libopencm3_stm32f1.a(can.o)
                              CMakeFiles/opencanbox.elf.dir/src/can.c.obj (can_reset)
/home/gl/Projects/ford/OpenCANBox/libopencm3/lib/libopencm3_stm32f1.a(gpio.o)
                              CMakeFiles/opencanbox.elf.dir/src/can.c.obj (gpio_set_mode)
/home/gl/Projects/ford/OpenCANBox/libopencm3/lib/libopencm3_stm32f1.a(gpio_common_all.o)
                              CMakeFiles/opencanbox.elf.dir/src/can.c.obj (gpio_set)
/home/gl/Projects/ford/OpenCANBox/libopencm3/lib/libopencm3_stm32f1.a(rcc.o)
                              CMakeFiles/opencanbox.elf.dir/src/main.c.obj (rcc_clock_setup_pll)
/home/gl/Projects/ford/OpenCANBox/libopencm3/lib/libopencm3_stm32f1.a(rcc_common_all.o)
                              CMakeFiles/opencanbox.elf.dir/src/can.c.obj (rcc_periph_clock_enable)
/home/gl/Projects/ford/OpenCANBox/libopencm3/lib/libopencm3_stm32f1.a(vector.o)
                              (reset_handler)
/home/gl/Projects/ford/OpenCANBox/libopencm3/lib/libopencm3_stm32f1.a(nvic.o)
                              CMakeFiles/opencanbox.elf.dir/src/can.c.obj (nvic_enable_irq)
/home/gl/Projects/ford/OpenCANBox/libopencm3/lib/libopencm3_stm32f1.a(assert.o)
                              /home/gl/Projects/ford/OpenCANBox/libopencm3/lib/libopencm3_stm32f1.a(rcc.o) (cm3_assert_failed)
/home/gl/Projects/ford/OpenCANBox/libopencm3/lib/libopencm3_stm32f1.a(flash_common_all.o)
                              /home/gl/Projects/ford/OpenCANBox/libopencm3/lib/libopencm3_stm32f1.a(rcc.o) (flash_set_ws)
libfreertos.a(queue.c.obj)    CMakeFiles/opencanbox.elf.dir/src/can.c.obj (xQueueGenericCreate)
libfreertos.a(tasks.c.obj)    CMakeFiles/opencanbox.elf.dir/src/can.c.obj (xTaskCreate)
libfreertos.a(timers.c.obj)   libfreertos.a(tasks.c.obj) (xTimerCreateTimerTask)
libfreertos.a(port.c.obj)     libfreertos.a(tasks.c.obj) (pxPortInitialiseStack)
libfreertos.a(heap_4.c.obj)   libfreertos.a(queue.c.obj) (pvPortMalloc)
libfreertos.a(croutine.c.obj)
                              libfreertos.a(queue.c.obj) (vCoRoutineAddToDelayedList)
libfreertos.a(list.c.obj)     libfreertos.a(queue.c.obj) (vListInitialise)
/usr/lib/gcc/arm-none-eabi/14.1.0/../../../../arm-none-eabi/lib/thumb/v7-m/nofp/libc.a(libc_a-memset.o)
                              libfreertos.a(tasks.c.obj) (memset)
/usr/lib/gcc/arm-none-eabi/14.1.0/../../../../arm-none-eabi/lib/thumb/v7-m/nofp/libc.a(libc_a-memcpy.o)
                              CMakeFiles/opencanbox.elf.dir/src/filters.c.obj (memcpy)

Discarded input sections

 .text          0x00000000        0x0 CMakeFiles/opencanbox.elf.dir/src/can.c.obj
 .data          0x00000000        0x0 CMakeFiles/opencanbox.elf.dir/src/can.c.obj
 .bss           0x00000000        0x0 CMakeFiles/opencanbox.elf.dir/src/can.c.obj
 .text.onCanIdle
                0x00000000        0x4 CMakeFiles/opencanbox.elf.dir/src/can.c.obj
 .text          0x00000000        0x0 CMakeFiles/opencanbox.elf.dir/src/filters.c.obj
 .data          0x00000000        0x0 CMakeFiles/opencanbox.elf.dir/src/filters.c.obj
 .bss           0x00000000        0x0 CMakeFiles/opencanbox.elf.dir/src/filters.c.obj
 .text          0x00000000        0x0 CMakeFiles/opencanbox.elf.dir/src/gpio.c.obj
 .data          0x00000000        0x0 CMakeFiles/opencanbox.elf.dir/src/gpio.c.obj
 .bss           0x00000000        0x0 CMakeFiles/opencanbox.elf.dir/src/gpio.c.obj
 .text.CAN_Drv_Slp
                0x00000000       0x10 CMakeFiles/opencanbox.elf.dir/src/gpio.c.obj
 .text          0x00000000        0x0 CMakeFiles/opencanbox.elf.dir/src/main.c.obj
 .data          0x00000000        0x0 CMakeFiles/opencanbox.elf.dir/src/main.c.obj
 .bss           0x00000000        0x0 CMakeFiles/opencanbox.elf.dir/src/main.c.obj
 .group         0x00000000        0xc /home/gl/Projects/ford/OpenCANBox/libopencm3/lib/libopencm3_stm32f1.a(can.o)
 .group         0x00000000        0xc /home/gl/Projects/ford/OpenCANBox/libopencm3/lib/libopencm3_stm32f1.a(can.o)
 .group         0x00000000        0xc /home/gl/Projects/ford/OpenCANBox/libopencm3/lib/libopencm3_stm32f1.a(can.o)
 .group         0x00000000        0xc /home/gl/Projects/ford/OpenCANBox/libopencm3/lib/libopencm3_stm32f1.a(can.o)
 .group         0x00000000        0xc /home/gl/Projects/ford/OpenCANBox/libopencm3/lib/libopencm3_stm32f1.a(can.o)
 .group         0x00000000        0xc /home/gl/Projects/ford/OpenCANBox/libopencm3/lib/libopencm3_stm32f1.a(can.o)
 .group         0x00000000        0xc /home/gl/Projects/ford/OpenCANBox/libopencm3/lib/libopencm3_stm32f1.a(can.o)
 .group         0x00000000        0xc /home/gl/Projects/ford/OpenCANBox/libopencm3/lib/libopencm3_stm32f1.a(can.o)
 .group         0x00000000        0xc /home/gl/Projects/ford/OpenCANBox/libopencm3/lib/libopencm3_stm32f1.a(can.o)
 .group         0x00000000        0xc /home/gl/Projects/ford/OpenCANBox/libopencm3/lib/libopencm3_stm32f1.a(can.o)
[...]
Memory Configuration

Name             Origin             Length             Attributes
ram              0x20000000         0x00010000         xrw
rom              0x08000000         0x00040000         xr
*default*        0x00000000         0xffffffff

Linker script and memory map

LOAD /usr/lib/gcc/arm-none-eabi/14.1.0/../../../../arm-none-eabi/lib/thumb/v7-m/nofp/libc.a
LOAD /usr/lib/gcc/arm-none-eabi/14.1.0/../../../../arm-none-eabi/lib/thumb/v7-m/nofp/libnosys.a
LOAD CMakeFiles/opencanbox.elf.dir/src/can.c.obj
LOAD CMakeFiles/opencanbox.elf.dir/src/filters.c.obj
LOAD CMakeFiles/opencanbox.elf.dir/src/gpio.c.obj
LOAD CMakeFiles/opencanbox.elf.dir/src/main.c.obj
LOAD /home/gl/Projects/ford/OpenCANBox/libopencm3/lib/libopencm3_stm32f1.a
LOAD libfreertos.a
START GROUP
LOAD /usr/lib/gcc/arm-none-eabi/14.1.0/thumb/v7-m/nofp/libgcc.a
LOAD /usr/lib/gcc/arm-none-eabi/14.1.0/../../../../arm-none-eabi/lib/thumb/v7-m/nofp/libc.a
END GROUP
START GROUP
LOAD /usr/lib/gcc/arm-none-eabi/14.1.0/thumb/v7-m/nofp/libgcc.a
LOAD /usr/lib/gcc/arm-none-eabi/14.1.0/../../../../arm-none-eabi/lib/thumb/v7-m/nofp/libc.a
LOAD /usr/lib/gcc/arm-none-eabi/14.1.0/../../../../arm-none-eabi/lib/thumb/v7-m/nofp/librdimon.a
END GROUP

.text           0x08000000     0x3208
 *(.vectors)
 .vectors       0x08000000      0x150 /home/gl/Projects/ford/OpenCANBox/libopencm3/lib/libopencm3_stm32f1.a(vector.o)
                0x08000000                vector_table
 *(.text*)
 .text.can_rx_task
                0x08000150       0x54 CMakeFiles/opencanbox.elf.dir/src/can.c.obj
                0x08000150                can_rx_task
 .text.can_tx_task
                0x080001a4       0x48 CMakeFiles/opencanbox.elf.dir/src/can.c.obj
                0x080001a4                can_tx_task
 .text.can_setup
                0x080001ec      0x1f4 CMakeFiles/opencanbox.elf.dir/src/can.c.obj
                0x080001ec                can_setup
 .text.usb_lp_can_rx0_isr
                0x080003e0      0x18c CMakeFiles/opencanbox.elf.dir/src/can.c.obj
                0x080003e0                usb_lp_can_rx0_isr
 .text.can2_rx0_isr
                0x0800056c      0x18c CMakeFiles/opencanbox.elf.dir/src/can.c.obj
                0x0800056c                can2_rx0_isr
 .text.CAN_Transmit
                0x080006f8       0x14 CMakeFiles/opencanbox.elf.dir/src/can.c.obj
                0x080006f8                CAN_Transmit
 .text.fixACCbuttons
                0x0800070c       0xec CMakeFiles/opencanbox.elf.dir/src/filters.c.obj
                0x0800070c                fixACCbuttons
 .text.gpio_setup
                0x080007f8       0x3c CMakeFiles/opencanbox.elf.dir/src/gpio.c.obj
                0x080007f8                gpio_setup
 .text.CAN_Drv_EN
                0x08000834       0x10 CMakeFiles/opencanbox.elf.dir/src/gpio.c.obj
                0x08000834                CAN_Drv_EN
 .text.LED1_ON  0x08000844       0x10 CMakeFiles/opencanbox.elf.dir/src/gpio.c.obj
                0x08000844                LED1_ON
 .text.LED1_OFF
                0x08000854       0x10 CMakeFiles/opencanbox.elf.dir/src/gpio.c.obj
                0x08000854                LED1_OFF
 .text.LED1_TOGGLE
                0x08000864       0x10 CMakeFiles/opencanbox.elf.dir/src/gpio.c.obj
                0x08000864                LED1_TOGGLE
 .text.blink_led
                0x08000874       0x24 CMakeFiles/opencanbox.elf.dir/src/main.c.obj
 .text.vApplicationStackOverflowHook
                0x08000898        0x4 CMakeFiles/opencanbox.elf.dir/src/main.c.obj
                0x08000898                vApplicationStackOverflowHook
 .text.startup.main
                0x0800089c       0x3c CMakeFiles/opencanbox.elf.dir/src/main.c.obj
                0x0800089c                main
 .text.can_reset
                0x080008d8       0x18 /home/gl/Projects/ford/OpenCANBox/libopencm3/lib/libopencm3_stm32f1.a(can.o)
                0x080008d8                can_reset
 .text.can_init
                0x080008f0      0x12a /home/gl/Projects/ford/OpenCANBox/libopencm3/lib/libopencm3_stm32f1.a(can.o)
                0x080008f0                can_init
 *fill*         0x08000a1a        0x2 
 .text.can_filter_init
                0x08000a1c       0x98 /home/gl/Projects/ford/OpenCANBox/libopencm3/lib/libopencm3_stm32f1.a(can.o)
                0x08000a1c                can_filter_init
 .text.can_filter_id_list_16bit_init
                0x08000ab4       0x20 /home/gl/Projects/ford/OpenCANBox/libopencm3/lib/libopencm3_stm32f1.a(can.o)
                0x08000ab4                can_filter_id_list_16bit_init
 .text.can_enable_irq
                0x08000ad4        0x8 /home/gl/Projects/ford/OpenCANBox/libopencm3/lib/libopencm3_stm32f1.a(can.o)
                0x08000ad4                can_enable_irq
 .text.can_transmit
                0x08000adc       0xe8 /home/gl/Projects/ford/OpenCANBox/libopencm3/lib/libopencm3_stm32f1.a(can.o)
                0x08000adc                can_transmit
 .text.can_fifo_release
                0x08000bc4       0x16 /home/gl/Projects/ford/OpenCANBox/libopencm3/lib/libopencm3_stm32f1.a(can.o)
                0x08000bc4                can_fifo_release
 .text.can_receive
                0x08000bda       0xae /home/gl/Projects/ford/OpenCANBox/libopencm3/lib/libopencm3_stm32f1.a(can.o)
                0x08000bda                can_receive
 .text.gpio_set_mode
                0x08000c88       0x6a /home/gl/Projects/ford/OpenCANBox/libopencm3/lib/libopencm3_stm32f1.a(gpio.o)
                0x08000c88                gpio_set_mode
 .text.gpio_set
                0x08000cf2        0x4 /home/gl/Projects/ford/OpenCANBox/libopencm3/lib/libopencm3_stm32f1.a(gpio_common_all.o)
                0x08000cf2                gpio_set
 .text.gpio_clear
                0x08000cf6        0x6 /home/gl/Projects/ford/OpenCANBox/libopencm3/lib/libopencm3_stm32f1.a(gpio_common_all.o)
                0x08000cf6                gpio_clear
 .text.gpio_toggle
                0x08000cfc       0x12 /home/gl/Projects/ford/OpenCANBox/libopencm3/lib/libopencm3_stm32f1.a(gpio_common_all.o)
                0x08000cfc                gpio_toggle
 *fill*         0x08000d0e        0x2 
 .text.rcc_is_osc_ready
                0x08000d10       0x70 /home/gl/Projects/ford/OpenCANBox/libopencm3/lib/libopencm3_stm32f1.a(rcc.o)
                0x08000d10                rcc_is_osc_ready
 .text.rcc_wait_for_osc_ready
                0x08000d80       0x10 /home/gl/Projects/ford/OpenCANBox/libopencm3/lib/libopencm3_stm32f1.a(rcc.o)
                0x08000d80                rcc_wait_for_osc_ready
 .text.rcc_osc_on
                0x08000d90       0x78 /home/gl/Projects/ford/OpenCANBox/libopencm3/lib/libopencm3_stm32f1.a(rcc.o)
                0x08000d90                rcc_osc_on
 .text.rcc_set_sysclk_source
                0x08000e08       0x14 /home/gl/Projects/ford/OpenCANBox/libopencm3/lib/libopencm3_stm32f1.a(rcc.o)
                0x08000e08                rcc_set_sysclk_source
 .text.rcc_set_pll_multiplication_factor
                0x08000e1c       0x14 /home/gl/Projects/ford/OpenCANBox/libopencm3/lib/libopencm3_stm32f1.a(rcc.o)
                0x08000e1c                rcc_set_pll_multiplication_factor
 .text.rcc_set_pll2_multiplication_factor
                0x08000e30       0x14 /home/gl/Projects/ford/OpenCANBox/libopencm3/lib/libopencm3_stm32f1.a(rcc.o)
                0x08000e30                rcc_set_pll2_multiplication_factor
 .text.rcc_set_pll3_multiplication_factor
                0x08000e44       0x14 /home/gl/Projects/ford/OpenCANBox/libopencm3/lib/libopencm3_stm32f1.a(rcc.o)
                0x08000e44                rcc_set_pll3_multiplication_factor
 .text.rcc_set_pll_source
                0x08000e58       0x14 /home/gl/Projects/ford/OpenCANBox/libopencm3/lib/libopencm3_stm32f1.a(rcc.o)
                0x08000e58                rcc_set_pll_source
 .text.rcc_set_pllxtpre
                0x08000e6c       0x14 /home/gl/Projects/ford/OpenCANBox/libopencm3/lib/libopencm3_stm32f1.a(rcc.o)
                0x08000e6c                rcc_set_pllxtpre
 .text.rcc_set_adcpre
                0x08000e80       0x14 /home/gl/Projects/ford/OpenCANBox/libopencm3/lib/libopencm3_stm32f1.a(rcc.o)
                0x08000e80                rcc_set_adcpre
 .text.rcc_set_ppre2
                0x08000e94       0x14 /home/gl/Projects/ford/OpenCANBox/libopencm3/lib/libopencm3_stm32f1.a(rcc.o)
                0x08000e94                rcc_set_ppre2
 .text.rcc_set_ppre1
                0x08000ea8       0x14 /home/gl/Projects/ford/OpenCANBox/libopencm3/lib/libopencm3_stm32f1.a(rcc.o)
                0x08000ea8                rcc_set_ppre1
 .text.rcc_set_hpre
                0x08000ebc       0x14 /home/gl/Projects/ford/OpenCANBox/libopencm3/lib/libopencm3_stm32f1.a(rcc.o)
                0x08000ebc                rcc_set_hpre
 .text.rcc_set_usbpre
                0x08000ed0       0x18 /home/gl/Projects/ford/OpenCANBox/libopencm3/lib/libopencm3_stm32f1.a(rcc.o)
                0x08000ed0                rcc_set_usbpre
 .text.rcc_set_prediv1
                0x08000ee8       0x14 /home/gl/Projects/ford/OpenCANBox/libopencm3/lib/libopencm3_stm32f1.a(rcc.o)
                0x08000ee8                rcc_set_prediv1
 .text.rcc_set_prediv2
                0x08000efc       0x14 /home/gl/Projects/ford/OpenCANBox/libopencm3/lib/libopencm3_stm32f1.a(rcc.o)
                0x08000efc                rcc_set_prediv2
 .text.rcc_set_prediv1_source
                0x08000f10       0x18 /home/gl/Projects/ford/OpenCANBox/libopencm3/lib/libopencm3_stm32f1.a(rcc.o)
                0x08000f10                rcc_set_prediv1_source
 .text.rcc_clock_setup_pll
                0x08000f28       0xbc /home/gl/Projects/ford/OpenCANBox/libopencm3/lib/libopencm3_stm32f1.a(rcc.o)
                0x08000f28                rcc_clock_setup_pll
 .text.rcc_periph_clock_enable
                0x08000fe4       0x1a /home/gl/Projects/ford/OpenCANBox/libopencm3/lib/libopencm3_stm32f1.a(rcc_common_all.o)
                0x08000fe4                rcc_periph_clock_enable
 .text.rcc_periph_reset_pulse
                0x08000ffe       0x22 /home/gl/Projects/ford/OpenCANBox/libopencm3/lib/libopencm3_stm32f1.a(rcc_common_all.o)
                0x08000ffe                rcc_periph_reset_pulse
 .text.blocking_handler
                0x08001020        0x2 /home/gl/Projects/ford/OpenCANBox/libopencm3/lib/libopencm3_stm32f1.a(vector.o)
                0x08001020                usart3_isr
                0x08001020                rtc_isr
                0x08001020                tim7_isr
                0x08001020                adc1_2_isr
                0x08001020                tim1_trg_com_isr
                0x08001020                usb_hp_can_tx_isr
                0x08001020                tim6_isr
                0x08001020                usb_wakeup_isr
                0x08001020                blocking_handler
                0x08001020                tim5_isr
                0x08001020                otg_fs_isr
                0x08001020                spi1_isr
                0x08001020                exti2_isr
                0x08001020                dma1_channel6_isr
                0x08001020                can_rx1_isr
                0x08001020                dma1_channel5_isr
                0x08001020                dma2_channel5_isr
                0x08001020                usart1_isr
                0x08001020                usage_fault_handler
                0x08001020                tim8_trg_com_isr
                0x08001020                tim1_brk_isr
                0x08001020                can2_rx1_isr
                0x08001020                tim1_cc_isr
                0x08001020                sdio_isr
                0x08001020                eth_isr
                0x08001020                dma1_channel4_isr
                0x08001020                tim8_brk_isr
                0x08001020                dma2_channel4_5_isr
                0x08001020                pvd_isr
                0x08001020                rcc_isr
                0x08001020                flash_isr
                0x08001020                uart4_isr
                0x08001020                rtc_alarm_isr
                0x08001020                exti15_10_isr
                0x08001020                hard_fault_handler
                0x08001020                exti1_isr
                0x08001020                i2c1_ev_isr
                0x08001020                dma2_channel1_isr
                0x08001020                spi2_isr
                0x08001020                tim8_up_isr
                0x08001020                dma2_channel2_isr
                0x08001020                exti3_isr
                0x08001020                adc3_isr
                0x08001020                tim3_isr
                0x08001020                usart2_isr
                0x08001020                i2c2_er_isr
                0x08001020                i2c2_ev_isr
                0x08001020                uart5_isr
                0x08001020                fsmc_isr
                0x08001020                dma1_channel1_isr
                0x08001020                exti4_isr
                0x08001020                mem_manage_handler
                0x08001020                can2_tx_isr
                0x08001020                exti9_5_isr
                0x08001020                dma2_channel3_isr
                0x08001020                dma1_channel7_isr
                0x08001020                tim1_up_isr
                0x08001020                can2_sce_isr
                0x08001020                tim4_isr
                0x08001020                dma1_channel2_isr
                0x08001020                i2c1_er_isr
                0x08001020                can_sce_isr
                0x08001020                tim8_cc_isr
                0x08001020                tamper_isr
                0x08001020                eth_wkup_isr
                0x08001020                bus_fault_handler
                0x08001020                wwdg_isr
                0x08001020                dma1_channel3_isr
                0x08001020                spi3_isr
                0x08001020                tim2_isr
                0x08001020                exti0_isr
 .text.null_handler
                0x08001022        0x2 /home/gl/Projects/ford/OpenCANBox/libopencm3/lib/libopencm3_stm32f1.a(vector.o)
                0x08001022                null_handler
                0x08001022                debug_monitor_handler
                0x08001022                nmi_handler
 .text.reset_handler
                0x08001024       0x94 /home/gl/Projects/ford/OpenCANBox/libopencm3/lib/libopencm3_stm32f1.a(vector.o)
                0x08001024                reset_handler
 .text.nvic_enable_irq
                0x080010b8       0x18 /home/gl/Projects/ford/OpenCANBox/libopencm3/lib/libopencm3_stm32f1.a(nvic.o)
                0x080010b8                nvic_enable_irq
 .text.nvic_set_priority
                0x080010d0       0x20 /home/gl/Projects/ford/OpenCANBox/libopencm3/lib/libopencm3_stm32f1.a(nvic.o)
                0x080010d0                nvic_set_priority
 .text.flash_set_ws
                0x080010f0       0x14 /home/gl/Projects/ford/OpenCANBox/libopencm3/lib/libopencm3_stm32f1.a(flash_common_all.o)
                0x080010f0                flash_set_ws
 .text.xQueueGenericCreate
                0x08001104       0x78 libfreertos.a(queue.c.obj)
                0x08001104                xQueueGenericCreate
 .text.xQueueGenericSend
                0x0800117c      0x32c libfreertos.a(queue.c.obj)
                0x0800117c                xQueueGenericSend
 .text.xQueueGenericSendFromISR
                0x080014a8      0x130 libfreertos.a(queue.c.obj)
                0x080014a8                xQueueGenericSendFromISR
 .text.xQueueReceive
                0x080015d8      0x288 libfreertos.a(queue.c.obj)
                0x080015d8                xQueueReceive
 .text.vQueueWaitForMessageRestricted
                0x08001860       0xc8 libfreertos.a(queue.c.obj)
                0x08001860                vQueueWaitForMessageRestricted
 .text.vTaskSwitchContext.part.0
                0x08001928       0xb8 libfreertos.a(tasks.c.obj)
 .text.xTaskIncrementTick.part.0
                0x080019e0      0x1cc libfreertos.a(tasks.c.obj)
 .text.xTaskCreate
                0x08001bac      0x24c libfreertos.a(tasks.c.obj)
                0x08001bac                xTaskCreate
 .text.vTaskStartScheduler
                0x08001df8      0x1d8 libfreertos.a(tasks.c.obj)
                0x08001df8                vTaskStartScheduler
 .text.vTaskSuspendAll
                0x08001fd0       0x10 libfreertos.a(tasks.c.obj)
                0x08001fd0                vTaskSuspendAll
 .text.xTaskResumeAll
                0x08001fe0      0x1b4 libfreertos.a(tasks.c.obj)
                0x08001fe0                xTaskResumeAll
 .text.vTaskDelay
                0x08002194       0x7c libfreertos.a(tasks.c.obj)
                0x08002194                vTaskDelay
 .text.prvIdleTask
                0x08002210       0xfc libfreertos.a(tasks.c.obj)
 .text.xTaskGetTickCount
                0x0800230c        0xc libfreertos.a(tasks.c.obj)
                0x0800230c                xTaskGetTickCount
 .text.uxTaskGetNumberOfTasks
                0x08002318        0xc libfreertos.a(tasks.c.obj)
                0x08002318                uxTaskGetNumberOfTasks
 .text.vTaskStepTick
                0x08002324       0x40 libfreertos.a(tasks.c.obj)
                0x08002324                vTaskStepTick
 .text.xTaskIncrementTick
                0x08002364       0x20 libfreertos.a(tasks.c.obj)
                0x08002364                xTaskIncrementTick
 .text.vTaskSwitchContext
                0x08002384       0x1c libfreertos.a(tasks.c.obj)
                0x08002384                vTaskSwitchContext
 .text.vTaskPlaceOnEventList
                0x080023a0       0x8c libfreertos.a(tasks.c.obj)
                0x080023a0                vTaskPlaceOnEventList
 .text.vTaskPlaceOnEventListRestricted
                0x0800242c       0xc0 libfreertos.a(tasks.c.obj)
                0x0800242c                vTaskPlaceOnEventListRestricted
 .text.xTaskRemoveFromEventList
                0x080024ec       0xfc libfreertos.a(tasks.c.obj)
                0x080024ec                xTaskRemoveFromEventList
 .text.vTaskInternalSetTimeOutState
                0x080025e8       0x18 libfreertos.a(tasks.c.obj)
                0x080025e8                vTaskInternalSetTimeOutState
 .text.xTaskCheckForTimeOut
                0x08002600       0x5c libfreertos.a(tasks.c.obj)
                0x08002600                xTaskCheckForTimeOut
 .text.vTaskMissedYield
                0x0800265c        0xc libfreertos.a(tasks.c.obj)
                0x0800265c                vTaskMissedYield
 .text.eTaskConfirmSleepModeStatus
                0x08002668       0x44 libfreertos.a(tasks.c.obj)
                0x08002668                eTaskConfirmSleepModeStatus
 .text.xTaskPriorityDisinherit
                0x080026ac       0x70 libfreertos.a(tasks.c.obj)
                0x080026ac                xTaskPriorityDisinherit
 .text.prvTimerTask
                0x0800271c      0x358 libfreertos.a(timers.c.obj)
 .text.xTimerCreateTimerTask
                0x08002a74       0x74 libfreertos.a(timers.c.obj)
                0x08002a74                xTimerCreateTimerTask
 .text.prvTaskExitError
                0x08002ae8       0x14 libfreertos.a(port.c.obj)
 *fill*         0x08002afc        0x4 
 .text.vPortStartFirstTask
                0x08002b00       0x34 libfreertos.a(port.c.obj)
 .text.pxPortInitialiseStack
                0x08002b34       0x20 libfreertos.a(port.c.obj)
                0x08002b34                pxPortInitialiseStack
 .text.sv_call_handler
                0x08002b54        0x4 libfreertos.a(port.c.obj)
                0x08002b54                sv_call_handler
 .text.vPortYield
                0x08002b58       0x18 libfreertos.a(port.c.obj)
                0x08002b58                vPortYield
 .text.vPortEnterCritical
                0x08002b70       0x18 libfreertos.a(port.c.obj)
                0x08002b70                vPortEnterCritical
 .text.vPortExitCritical
                0x08002b88       0x14 libfreertos.a(port.c.obj)
                0x08002b88                vPortExitCritical
 .text.ulSetInterruptMaskFromISR
                0x08002b9c        0x8 libfreertos.a(port.c.obj)
                0x08002b9c                ulSetInterruptMaskFromISR
 .text.vClearInterruptMaskFromISR
                0x08002ba4        0x8 libfreertos.a(port.c.obj)
                0x08002ba4                vClearInterruptMaskFromISR
 *fill*         0x08002bac        0x4 
 .text.pend_sv_handler
                0x08002bb0       0x44 libfreertos.a(port.c.obj)
                0x08002bb0                pend_sv_handler
 .text.sys_tick_handler
                0x08002bf4       0x24 libfreertos.a(port.c.obj)
                0x08002bf4                sys_tick_handler
 .text.vPortSetupTimerInterrupt
                0x08002c18       0x40 libfreertos.a(port.c.obj)
                0x08002c18                vPortSetupTimerInterrupt
 .text.xPortStartScheduler
                0x08002c58       0x48 libfreertos.a(port.c.obj)
                0x08002c58                xPortStartScheduler
 .text.vPortSuppressTicksAndSleep
                0x08002ca0      0x100 libfreertos.a(port.c.obj)
                0x08002ca0                vPortSuppressTicksAndSleep
 .text.pvPortMalloc
                0x08002da0      0x14c libfreertos.a(heap_4.c.obj)
                0x08002da0                pvPortMalloc
 .text.vPortFree
                0x08002eec       0xa8 libfreertos.a(heap_4.c.obj)
                0x08002eec                vPortFree
 .text.vListInitialise
                0x08002f94       0x18 libfreertos.a(list.c.obj)
                0x08002f94                vListInitialise
 .text.vListInitialiseItem
                0x08002fac        0x8 libfreertos.a(list.c.obj)
                0x08002fac                vListInitialiseItem
 .text.vListInsert
                0x08002fb4       0x30 libfreertos.a(list.c.obj)
                0x08002fb4                vListInsert
 .text.uxListRemove
                0x08002fe4       0x24 libfreertos.a(list.c.obj)
                0x08002fe4                uxListRemove
 .text.memset   0x08003008       0x9c /usr/lib/gcc/arm-none-eabi/14.1.0/../../../../arm-none-eabi/lib/thumb/v7-m/nofp/libc.a(libc_a-memset.o)
                0x08003008                memset
 .text          0x080030a4       0xec /usr/lib/gcc/arm-none-eabi/14.1.0/../../../../arm-none-eabi/lib/thumb/v7-m/nofp/libc.a(libc_a-memcpy.o)
                0x080030a4                memcpy
                0x08003190                        . = ALIGN (0x4)
 *(.rodata*)
 .rodata.can_setup.str1.4
                0x08003190       0x20 CMakeFiles/opencanbox.elf.dir/src/can.c.obj
                                  0xe (size before relaxing)
 .rodata.main.str1.4
                0x080031b0        0x6 CMakeFiles/opencanbox.elf.dir/src/main.c.obj
 .rodata.rcc_hsi_configs
                0x080031b0       0x54 /home/gl/Projects/ford/OpenCANBox/libopencm3/lib/libopencm3_stm32f1.a(rcc.o)
                0x080031b0                rcc_hsi_configs
 .rodata.uxTopUsedPriority
                0x08003204        0x4 libfreertos.a(tasks.c.obj)
                0x08003204                uxTopUsedPriority
 .rodata.xTimerCreateTimerTask.str1.4
                0x08003208        0x8 libfreertos.a(timers.c.obj)
                0x08003210                        . = ALIGN (0x4)

.glue_7         0x08003208        0x0
 .glue_7        0x08003208        0x0 linker stubs

.glue_7t        0x08003208        0x0
 .glue_7t       0x08003208        0x0 linker stubs

.vfp11_veneer   0x08003208        0x0
 .vfp11_veneer  0x08003208        0x0 linker stubs

.v4_bx          0x08003208        0x0
 .v4_bx         0x08003208        0x0 linker stubs

.iplt           0x08003208        0x0
 .iplt          0x08003208        0x0 CMakeFiles/opencanbox.elf.dir/src/can.c.obj

.preinit_array  0x08003208        0x0
                0x08003208                        . = ALIGN (0x4)
                0x08003208                        __preinit_array_start = .
 *(.preinit_array)
                0x08003208                        __preinit_array_end = .

.init_array     0x08003208        0x0
                0x08003208                        . = ALIGN (0x4)
                0x08003208                        __init_array_start = .
 *(SORT_BY_NAME(.init_array.*))
 *(.init_array)
                0x08003208                        __init_array_end = .

.fini_array     0x08003208        0x0
                0x08003208                        . = ALIGN (0x4)
                0x08003208                        __fini_array_start = .
 *(.fini_array)
 *(SORT_BY_NAME(.fini_array.*))
                0x08003208                        __fini_array_end = .

.ARM.extab
 *(.ARM.extab*)

.ARM.exidx      0x08003208        0x8
                0x08003208                        __exidx_start = .
 *(.ARM.exidx*)
 .ARM.exidx     0x08003208        0x8 /usr/lib/gcc/arm-none-eabi/14.1.0/../../../../arm-none-eabi/lib/thumb/v7-m/nofp/libc.a(libc_a-memcpy.o)
                0x08003210                        __exidx_end = .

.rel.dyn        0x08003210        0x0
 .rel.iplt      0x08003210        0x0 CMakeFiles/opencanbox.elf.dir/src/can.c.obj
                0x08003210                        . = ALIGN (0x4)
                0x08003210                        _etext = .

.noinit
 *(.noinit*)
                0x08003210                        . = ALIGN (0x4)

.data           0x20000000       0x10 load address 0x08003210
                0x20000000                        _data = .
 *(.data*)
 .data.rcc_ahb_frequency
                0x20000000        0x4 /home/gl/Projects/ford/OpenCANBox/libopencm3/lib/libopencm3_stm32f1.a(rcc.o)
                0x20000000                rcc_ahb_frequency
 .data.rcc_apb2_frequency
                0x20000004        0x4 /home/gl/Projects/ford/OpenCANBox/libopencm3/lib/libopencm3_stm32f1.a(rcc.o)
                0x20000004                rcc_apb2_frequency
 .data.rcc_apb1_frequency
                0x20000008        0x4 /home/gl/Projects/ford/OpenCANBox/libopencm3/lib/libopencm3_stm32f1.a(rcc.o)
                0x20000008                rcc_apb1_frequency
 .data.uxCriticalNesting
                0x2000000c        0x4 libfreertos.a(port.c.obj)
 *(.ramtext*)
                0x20000010                        . = ALIGN (0x4)
                0x20000010                        _edata = .
                0x08003210                        _data_loadaddr = LOADADDR (.data)

.igot.plt       0x20000010        0x0 load address 0x08003220
 .igot.plt      0x20000010        0x0 CMakeFiles/opencanbox.elf.dir/src/can.c.obj

.bss            0x20000010     0x2d84 load address 0x08003220
 *(.bss*)
 .bss.Car       0x20000010        0xc CMakeFiles/opencanbox.elf.dir/src/can.c.obj
                0x20000010                Car
 .bss.Cruise    0x2000001c        0x2 CMakeFiles/opencanbox.elf.dir/src/can.c.obj
                0x2000001c                Cruise
 *fill*         0x2000001e        0x2 
 .bss.canRxQueue
                0x20000020        0x4 CMakeFiles/opencanbox.elf.dir/src/can.c.obj
                0x20000020                canRxQueue
 .bss.canTxQueue
                0x20000024        0x4 CMakeFiles/opencanbox.elf.dir/src/can.c.obj
                0x20000024                canTxQueue
 .bss.ResPlus_Pressed.0
                0x20000028        0x1 CMakeFiles/opencanbox.elf.dir/src/filters.c.obj
 .bss.LIM_Pressed.1
                0x20000029        0x1 CMakeFiles/opencanbox.elf.dir/src/filters.c.obj
 *fill*         0x2000002a        0x2 
 .bss.uxSchedulerSuspended
                0x2000002c        0x4 libfreertos.a(tasks.c.obj)
 .bss.xIdleTaskHandle
                0x20000030        0x4 libfreertos.a(tasks.c.obj)
 .bss.xNextTaskUnblockTime
                0x20000034        0x4 libfreertos.a(tasks.c.obj)
 .bss.uxTaskNumber
                0x20000038        0x4 libfreertos.a(tasks.c.obj)
 .bss.xNumOfOverflows
                0x2000003c        0x4 libfreertos.a(tasks.c.obj)
 .bss.xYieldPending
                0x20000040        0x4 libfreertos.a(tasks.c.obj)
 .bss.xPendedTicks
                0x20000044        0x4 libfreertos.a(tasks.c.obj)
 .bss.xSchedulerRunning
                0x20000048        0x4 libfreertos.a(tasks.c.obj)
 .bss.uxTopReadyPriority
                0x2000004c        0x4 libfreertos.a(tasks.c.obj)
 .bss.xTickCount
                0x20000050        0x4 libfreertos.a(tasks.c.obj)
 .bss.uxCurrentNumberOfTasks
                0x20000054        0x4 libfreertos.a(tasks.c.obj)
 .bss.xSuspendedTaskList
                0x20000058       0x14 libfreertos.a(tasks.c.obj)
 .bss.uxDeletedTasksWaitingCleanUp
                0x2000006c        0x4 libfreertos.a(tasks.c.obj)
 .bss.xTasksWaitingTermination
                0x20000070       0x14 libfreertos.a(tasks.c.obj)
 .bss.xPendingReadyList
                0x20000084       0x14 libfreertos.a(tasks.c.obj)
 .bss.pxOverflowDelayedTaskList
                0x20000098        0x4 libfreertos.a(tasks.c.obj)
 .bss.pxDelayedTaskList
                0x2000009c        0x4 libfreertos.a(tasks.c.obj)
 .bss.xDelayedTaskList2
                0x200000a0       0x14 libfreertos.a(tasks.c.obj)
 .bss.xDelayedTaskList1
                0x200000b4       0x14 libfreertos.a(tasks.c.obj)
 .bss.pxReadyTasksLists
                0x200000c8       0x64 libfreertos.a(tasks.c.obj)
 .bss.pxCurrentTCB
                0x2000012c        0x4 libfreertos.a(tasks.c.obj)
                0x2000012c                pxCurrentTCB
 .bss.xLastTime.0
                0x20000130        0x4 libfreertos.a(timers.c.obj)
 .bss.xTimerTaskHandle
                0x20000134        0x4 libfreertos.a(timers.c.obj)
 .bss.xTimerQueue
                0x20000138        0x4 libfreertos.a(timers.c.obj)
 .bss.pxOverflowTimerList
                0x2000013c        0x4 libfreertos.a(timers.c.obj)
 .bss.pxCurrentTimerList
                0x20000140        0x4 libfreertos.a(timers.c.obj)
 .bss.xActiveTimerList2
                0x20000144       0x14 libfreertos.a(timers.c.obj)
 .bss.xActiveTimerList1
                0x20000158       0x14 libfreertos.a(timers.c.obj)
 .bss.ulStoppedTimerCompensation
                0x2000016c        0x4 libfreertos.a(port.c.obj)
 .bss.xMaximumPossibleSuppressedTicks
                0x20000170        0x4 libfreertos.a(port.c.obj)
 .bss.ulTimerCountsForOneTick
                0x20000174        0x4 libfreertos.a(port.c.obj)
 .bss.xNumberOfSuccessfulFrees
                0x20000178        0x4 libfreertos.a(heap_4.c.obj)
 .bss.xNumberOfSuccessfulAllocations
                0x2000017c        0x4 libfreertos.a(heap_4.c.obj)
 .bss.xMinimumEverFreeBytesRemaining
                0x20000180        0x4 libfreertos.a(heap_4.c.obj)
 .bss.xFreeBytesRemaining
                0x20000184        0x4 libfreertos.a(heap_4.c.obj)
 .bss.pxEnd     0x20000188        0x4 libfreertos.a(heap_4.c.obj)
 .bss.xStart    0x2000018c        0x8 libfreertos.a(heap_4.c.obj)
 .bss.ucHeap    0x20000194     0x2c00 libfreertos.a(heap_4.c.obj)
 *(COMMON)
                0x20002d94                        . = ALIGN (0x4)
                0x20002d94                        _ebss = .

/DISCARD/
 *(.eh_frame)
                0x20002d94                        . = ALIGN (0x4)
                0x20002d94                        end = .
                0x20010000                        PROVIDE (_stack = (ORIGIN (ram) + LENGTH (ram)))
OUTPUT(opencanbox.elf elf32-littlearm)
LOAD linker stubs

.comment        0x00000000       0x1e
 .comment       0x00000000       0x1e CMakeFiles/opencanbox.elf.dir/src/can.c.obj
                                 0x1f (size before relaxing)
 .comment       0x0000001e       0x1f CMakeFiles/opencanbox.elf.dir/src/filters.c.obj
 .comment       0x0000001e       0x1f CMakeFiles/opencanbox.elf.dir/src/gpio.c.obj
 .comment       0x0000001e       0x1f CMakeFiles/opencanbox.elf.dir/src/main.c.obj
 .comment       0x0000001e       0x1f /home/gl/Projects/ford/OpenCANBox/libopencm3/lib/libopencm3_stm32f1.a(can.o)
 .comment       0x0000001e       0x1f /home/gl/Projects/ford/OpenCANBox/libopencm3/lib/libopencm3_stm32f1.a(gpio.o)
 .comment       0x0000001e       0x1f /home/gl/Projects/ford/OpenCANBox/libopencm3/lib/libopencm3_stm32f1.a(gpio_common_all.o)
 .comment       0x0000001e       0x1f /home/gl/Projects/ford/OpenCANBox/libopencm3/lib/libopencm3_stm32f1.a(rcc.o)
 .comment       0x0000001e       0x1f /home/gl/Projects/ford/OpenCANBox/libopencm3/lib/libopencm3_stm32f1.a(rcc_common_all.o)
 .comment       0x0000001e       0x1f /home/gl/Projects/ford/OpenCANBox/libopencm3/lib/libopencm3_stm32f1.a(vector.o)
 .comment       0x0000001e       0x1f /home/gl/Projects/ford/OpenCANBox/libopencm3/lib/libopencm3_stm32f1.a(nvic.o)
 .comment       0x0000001e       0x1f /home/gl/Projects/ford/OpenCANBox/libopencm3/lib/libopencm3_stm32f1.a(flash_common_all.o)
 .comment       0x0000001e       0x1f libfreertos.a(queue.c.obj)
 .comment       0x0000001e       0x1f libfreertos.a(tasks.c.obj)
 .comment       0x0000001e       0x1f libfreertos.a(timers.c.obj)
 .comment       0x0000001e       0x1f libfreertos.a(port.c.obj)
 .comment       0x0000001e       0x1f libfreertos.a(heap_4.c.obj)
 .comment       0x0000001e       0x1f libfreertos.a(list.c.obj)
 .comment       0x0000001e       0x1f /usr/lib/gcc/arm-none-eabi/14.1.0/../../../../arm-none-eabi/lib/thumb/v7-m/nofp/libc.a(libc_a-memset.o)

.ARM.attributes
                0x00000000       0x2b
 .ARM.attributes
                0x00000000       0x2b CMakeFiles/opencanbox.elf.dir/src/can.c.obj
 .ARM.attributes
                0x0000002b       0x2b CMakeFiles/opencanbox.elf.dir/src/filters.c.obj
 .ARM.attributes
                0x00000056       0x2b CMakeFiles/opencanbox.elf.dir/src/gpio.c.obj
 .ARM.attributes
                0x00000081       0x2b CMakeFiles/opencanbox.elf.dir/src/main.c.obj
 .ARM.attributes
                0x000000ac       0x2d /home/gl/Projects/ford/OpenCANBox/libopencm3/lib/libopencm3_stm32f1.a(can.o)
 .ARM.attributes
                0x000000d9       0x2d /home/gl/Projects/ford/OpenCANBox/libopencm3/lib/libopencm3_stm32f1.a(gpio.o)
 .ARM.attributes
                0x00000106       0x2d /home/gl/Projects/ford/OpenCANBox/libopencm3/lib/libopencm3_stm32f1.a(gpio_common_all.o)
 .ARM.attributes
                0x00000133       0x2d /home/gl/Projects/ford/OpenCANBox/libopencm3/lib/libopencm3_stm32f1.a(rcc.o)
 .ARM.attributes
                0x00000160       0x2d /home/gl/Projects/ford/OpenCANBox/libopencm3/lib/libopencm3_stm32f1.a(rcc_common_all.o)
 .ARM.attributes
                0x0000018d       0x2d /home/gl/Projects/ford/OpenCANBox/libopencm3/lib/libopencm3_stm32f1.a(vector.o)
 .ARM.attributes
                0x000001ba       0x2d /home/gl/Projects/ford/OpenCANBox/libopencm3/lib/libopencm3_stm32f1.a(nvic.o)
 .ARM.attributes
                0x000001e7       0x2d /home/gl/Projects/ford/OpenCANBox/libopencm3/lib/libopencm3_stm32f1.a(flash_common_all.o)
 .ARM.attributes
                0x00000214       0x2b libfreertos.a(queue.c.obj)
 .ARM.attributes
                0x0000023f       0x2b libfreertos.a(tasks.c.obj)
 .ARM.attributes
                0x0000026a       0x2b libfreertos.a(timers.c.obj)
 .ARM.attributes
                0x00000295       0x2b libfreertos.a(port.c.obj)
 .ARM.attributes
                0x000002c0       0x2b libfreertos.a(heap_4.c.obj)
 .ARM.attributes
                0x000002eb       0x2b libfreertos.a(list.c.obj)
 .ARM.attributes
                0x00000316       0x2d /usr/lib/gcc/arm-none-eabi/14.1.0/../../../../arm-none-eabi/lib/thumb/v7-m/nofp/libc.a(libc_a-memset.o)
 .ARM.attributes
                0x00000343       0x1b /usr/lib/gcc/arm-none-eabi/14.1.0/../../../../arm-none-eabi/lib/thumb/v7-m/nofp/libc.a(libc_a-memcpy.o)

.debug_info     0x00000000     0x31c3
 .debug_info    0x00000000      0xb3d /home/gl/Projects/ford/OpenCANBox/libopencm3/lib/libopencm3_stm32f1.a(can.o)
 .debug_info    0x00000b3d      0x1fd /home/gl/Projects/ford/OpenCANBox/libopencm3/lib/libopencm3_stm32f1.a(gpio.o)
 .debug_info    0x00000d3a      0x256 /home/gl/Projects/ford/OpenCANBox/libopencm3/lib/libopencm3_stm32f1.a(gpio_common_all.o)
 .debug_info    0x00000f90     0x14d0 /home/gl/Projects/ford/OpenCANBox/libopencm3/lib/libopencm3_stm32f1.a(rcc.o)
 .debug_info    0x00002460      0x60d /home/gl/Projects/ford/OpenCANBox/libopencm3/lib/libopencm3_stm32f1.a(rcc_common_all.o)
 .debug_info    0x00002a6d      0x2c4 /home/gl/Projects/ford/OpenCANBox/libopencm3/lib/libopencm3_stm32f1.a(vector.o)
 .debug_info    0x00002d31      0x239 /home/gl/Projects/ford/OpenCANBox/libopencm3/lib/libopencm3_stm32f1.a(nvic.o)
 .debug_info    0x00002f6a       0xf1 /home/gl/Projects/ford/OpenCANBox/libopencm3/lib/libopencm3_stm32f1.a(flash_common_all.o)
 .debug_info    0x0000305b      0x135 /usr/lib/gcc/arm-none-eabi/14.1.0/../../../../arm-none-eabi/lib/thumb/v7-m/nofp/libc.a(libc_a-memset.o)
 .debug_info    0x00003190       0x33 /usr/lib/gcc/arm-none-eabi/14.1.0/../../../../arm-none-eabi/lib/thumb/v7-m/nofp/libc.a(libc_a-memcpy.o)

.debug_abbrev   0x00000000      0xc5d
 .debug_abbrev  0x00000000      0x2be /home/gl/Projects/ford/OpenCANBox/libopencm3/lib/libopencm3_stm32f1.a(can.o)
 .debug_abbrev  0x000002be       0xd3 /home/gl/Projects/ford/OpenCANBox/libopencm3/lib/libopencm3_stm32f1.a(gpio.o)
 .debug_abbrev  0x00000391      0x115 /home/gl/Projects/ford/OpenCANBox/libopencm3/lib/libopencm3_stm32f1.a(gpio_common_all.o)
 .debug_abbrev  0x000004a6      0x2be /home/gl/Projects/ford/OpenCANBox/libopencm3/lib/libopencm3_stm32f1.a(rcc.o)
 .debug_abbrev  0x00000764      0x185 /home/gl/Projects/ford/OpenCANBox/libopencm3/lib/libopencm3_stm32f1.a(rcc_common_all.o)
 .debug_abbrev  0x000008e9      0x149 /home/gl/Projects/ford/OpenCANBox/libopencm3/lib/libopencm3_stm32f1.a(vector.o)
 .debug_abbrev  0x00000a32       0xb6 /home/gl/Projects/ford/OpenCANBox/libopencm3/lib/libopencm3_stm32f1.a(nvic.o)
 .debug_abbrev  0x00000ae8       0x96 /home/gl/Projects/ford/OpenCANBox/libopencm3/lib/libopencm3_stm32f1.a(flash_common_all.o)
 .debug_abbrev  0x00000b7e       0xb7 /usr/lib/gcc/arm-none-eabi/14.1.0/../../../../arm-none-eabi/lib/thumb/v7-m/nofp/libc.a(libc_a-memset.o)
 .debug_abbrev  0x00000c35       0x28 /usr/lib/gcc/arm-none-eabi/14.1.0/../../../../arm-none-eabi/lib/thumb/v7-m/nofp/libc.a(libc_a-memcpy.o)

.debug_loclists
                0x00000000     0x10b2
 .debug_loclists
                0x00000000      0x862 /home/gl/Projects/ford/OpenCANBox/libopencm3/lib/libopencm3_stm32f1.a(can.o)
 .debug_loclists
                0x00000862      0x100 /home/gl/Projects/ford/OpenCANBox/libopencm3/lib/libopencm3_stm32f1.a(gpio.o)
 .debug_loclists
                0x00000962       0x96 /home/gl/Projects/ford/OpenCANBox/libopencm3/lib/libopencm3_stm32f1.a(gpio_common_all.o)
 .debug_loclists
                0x000009f8      0x2cb /home/gl/Projects/ford/OpenCANBox/libopencm3/lib/libopencm3_stm32f1.a(rcc.o)
 .debug_loclists
                0x00000cc3       0x87 /home/gl/Projects/ford/OpenCANBox/libopencm3/lib/libopencm3_stm32f1.a(rcc_common_all.o)
 .debug_loclists
                0x00000d4a       0xa8 /home/gl/Projects/ford/OpenCANBox/libopencm3/lib/libopencm3_stm32f1.a(vector.o)
 .debug_loclists
                0x00000df2      0x111 /home/gl/Projects/ford/OpenCANBox/libopencm3/lib/libopencm3_stm32f1.a(nvic.o)
 .debug_loclists
                0x00000f03       0x17 /home/gl/Projects/ford/OpenCANBox/libopencm3/lib/libopencm3_stm32f1.a(flash_common_all.o)
 .debug_loclists
                0x00000f1a      0x198 /usr/lib/gcc/arm-none-eabi/14.1.0/../../../../arm-none-eabi/lib/thumb/v7-m/nofp/libc.a(libc_a-memset.o)

.debug_aranges  0x00000000      0x400
 .debug_aranges
                0x00000000       0x80 /home/gl/Projects/ford/OpenCANBox/libopencm3/lib/libopencm3_stm32f1.a(can.o)
 .debug_aranges
                0x00000080       0x38 /home/gl/Projects/ford/OpenCANBox/libopencm3/lib/libopencm3_stm32f1.a(gpio.o)
 .debug_aranges
                0x000000b8       0x50 /home/gl/Projects/ford/OpenCANBox/libopencm3/lib/libopencm3_stm32f1.a(gpio_common_all.o)
 .debug_aranges
                0x00000108      0x170 /home/gl/Projects/ford/OpenCANBox/libopencm3/lib/libopencm3_stm32f1.a(rcc.o)
 .debug_aranges
                0x00000278       0x80 /home/gl/Projects/ford/OpenCANBox/libopencm3/lib/libopencm3_stm32f1.a(rcc_common_all.o)
 .debug_aranges
                0x000002f8       0x30 /home/gl/Projects/ford/OpenCANBox/libopencm3/lib/libopencm3_stm32f1.a(vector.o)
 .debug_aranges
                0x00000328       0x60 /home/gl/Projects/ford/OpenCANBox/libopencm3/lib/libopencm3_stm32f1.a(nvic.o)
 .debug_aranges
                0x00000388       0x38 /home/gl/Projects/ford/OpenCANBox/libopencm3/lib/libopencm3_stm32f1.a(flash_common_all.o)
 .debug_aranges
                0x000003c0       0x20 /usr/lib/gcc/arm-none-eabi/14.1.0/../../../../arm-none-eabi/lib/thumb/v7-m/nofp/libc.a(libc_a-memset.o)
 .debug_aranges
                0x000003e0       0x20 /usr/lib/gcc/arm-none-eabi/14.1.0/../../../../arm-none-eabi/lib/thumb/v7-m/nofp/libc.a(libc_a-memcpy.o)

.debug_rnglists
                0x00000000      0x312
 .debug_rnglists
                0x00000000       0x5f /home/gl/Projects/ford/OpenCANBox/libopencm3/lib/libopencm3_stm32f1.a(can.o)
 .debug_rnglists
                0x0000005f       0x25 /home/gl/Projects/ford/OpenCANBox/libopencm3/lib/libopencm3_stm32f1.a(gpio.o)
 .debug_rnglists
                0x00000084       0x37 /home/gl/Projects/ford/OpenCANBox/libopencm3/lib/libopencm3_stm32f1.a(gpio_common_all.o)
 .debug_rnglists
                0x000000bb      0x160 /home/gl/Projects/ford/OpenCANBox/libopencm3/lib/libopencm3_stm32f1.a(rcc.o)
 .debug_rnglists
                0x0000021b       0x5b /home/gl/Projects/ford/OpenCANBox/libopencm3/lib/libopencm3_stm32f1.a(rcc_common_all.o)
 .debug_rnglists
                0x00000276       0x20 /home/gl/Projects/ford/OpenCANBox/libopencm3/lib/libopencm3_stm32f1.a(vector.o)
 .debug_rnglists
                0x00000296       0x43 /home/gl/Projects/ford/OpenCANBox/libopencm3/lib/libopencm3_stm32f1.a(nvic.o)
 .debug_rnglists
                0x000002d9       0x25 /home/gl/Projects/ford/OpenCANBox/libopencm3/lib/libopencm3_stm32f1.a(flash_common_all.o)
 .debug_rnglists
                0x000002fe       0x14 /usr/lib/gcc/arm-none-eabi/14.1.0/../../../../arm-none-eabi/lib/thumb/v7-m/nofp/libc.a(libc_a-memset.o)

.debug_macro    0x00000000     0x4000
 .debug_macro   0x00000000       0xc9 /home/gl/Projects/ford/OpenCANBox/libopencm3/lib/libopencm3_stm32f1.a(can.o)
 .debug_macro   0x000000c9      0xac0 /home/gl/Projects/ford/OpenCANBox/libopencm3/lib/libopencm3_stm32f1.a(can.o)
 .debug_macro   0x00000b89       0x76 /home/gl/Projects/ford/OpenCANBox/libopencm3/lib/libopencm3_stm32f1.a(can.o)
 .debug_macro   0x00000bff      0x1b4 /home/gl/Projects/ford/OpenCANBox/libopencm3/lib/libopencm3_stm32f1.a(can.o)
 .debug_macro   0x00000db3       0x1c /home/gl/Projects/ford/OpenCANBox/libopencm3/lib/libopencm3_stm32f1.a(can.o)
 .debug_macro   0x00000dcf       0x22 /home/gl/Projects/ford/OpenCANBox/libopencm3/lib/libopencm3_stm32f1.a(can.o)
 .debug_macro   0x00000df1       0x56 /home/gl/Projects/ford/OpenCANBox/libopencm3/lib/libopencm3_stm32f1.a(can.o)
 .debug_macro   0x00000e47       0x51 /home/gl/Projects/ford/OpenCANBox/libopencm3/lib/libopencm3_stm32f1.a(can.o)
 .debug_macro   0x00000e98      0x103 /home/gl/Projects/ford/OpenCANBox/libopencm3/lib/libopencm3_stm32f1.a(can.o)
 .debug_macro   0x00000f9b       0x6a /home/gl/Projects/ford/OpenCANBox/libopencm3/lib/libopencm3_stm32f1.a(can.o)
 .debug_macro   0x00001005      0x1df /home/gl/Projects/ford/OpenCANBox/libopencm3/lib/libopencm3_stm32f1.a(can.o)
 .debug_macro   0x000011e4       0x22 /home/gl/Projects/ford/OpenCANBox/libopencm3/lib/libopencm3_stm32f1.a(can.o)
 .debug_macro   0x00001206       0xe8 /home/gl/Projects/ford/OpenCANBox/libopencm3/lib/libopencm3_stm32f1.a(can.o)
 .debug_macro   0x000012ee      0x513 /home/gl/Projects/ford/OpenCANBox/libopencm3/lib/libopencm3_stm32f1.a(can.o)
 .debug_macro   0x00001801      0x8c6 /home/gl/Projects/ford/OpenCANBox/libopencm3/lib/libopencm3_stm32f1.a(can.o)
 .debug_macro   0x000020c7       0xb8 /home/gl/Projects/ford/OpenCANBox/libopencm3/lib/libopencm3_stm32f1.a(gpio.o)
 .debug_macro   0x0000217f       0x76 /home/gl/Projects/ford/OpenCANBox/libopencm3/lib/libopencm3_stm32f1.a(gpio.o)
 .debug_macro   0x000021f5      0xe2e /home/gl/Projects/ford/OpenCANBox/libopencm3/lib/libopencm3_stm32f1.a(gpio.o)
 .debug_macro   0x00003023       0xb8 /home/gl/Projects/ford/OpenCANBox/libopencm3/lib/libopencm3_stm32f1.a(gpio_common_all.o)
 .debug_macro   0x000030db       0xe7 /home/gl/Projects/ford/OpenCANBox/libopencm3/lib/libopencm3_stm32f1.a(rcc.o)
 .debug_macro   0x000031c2       0x16 /home/gl/Projects/ford/OpenCANBox/libopencm3/lib/libopencm3_stm32f1.a(rcc.o)
 .debug_macro   0x000031d8       0xee /home/gl/Projects/ford/OpenCANBox/libopencm3/lib/libopencm3_stm32f1.a(rcc.o)
 .debug_macro   0x000032c6       0x82 /home/gl/Projects/ford/OpenCANBox/libopencm3/lib/libopencm3_stm32f1.a(rcc.o)
 .debug_macro   0x00003348       0xce /home/gl/Projects/ford/OpenCANBox/libopencm3/lib/libopencm3_stm32f1.a(rcc_common_all.o)
 .debug_macro   0x00003416       0xcf /home/gl/Projects/ford/OpenCANBox/libopencm3/lib/libopencm3_stm32f1.a(vector.o)
 .debug_macro   0x000034e5      0x395 /home/gl/Projects/ford/OpenCANBox/libopencm3/lib/libopencm3_stm32f1.a(vector.o)
 .debug_macro   0x0000387a       0x6e /home/gl/Projects/ford/OpenCANBox/libopencm3/lib/libopencm3_stm32f1.a(vector.o)
 .debug_macro   0x000038e8      0x1a2 /home/gl/Projects/ford/OpenCANBox/libopencm3/lib/libopencm3_stm32f1.a(vector.o)
 .debug_macro   0x00003a8a       0xb3 /home/gl/Projects/ford/OpenCANBox/libopencm3/lib/libopencm3_stm32f1.a(nvic.o)
 .debug_macro   0x00003b3d       0x68 /home/gl/Projects/ford/OpenCANBox/libopencm3/lib/libopencm3_stm32f1.a(nvic.o)
 .debug_macro   0x00003ba5      0x39b /home/gl/Projects/ford/OpenCANBox/libopencm3/lib/libopencm3_stm32f1.a(nvic.o)
 .debug_macro   0x00003f40       0xc0 /home/gl/Projects/ford/OpenCANBox/libopencm3/lib/libopencm3_stm32f1.a(flash_common_all.o)

.debug_line     0x00000000     0x2b74
 .debug_line    0x00000000      0x7e8 /home/gl/Projects/ford/OpenCANBox/libopencm3/lib/libopencm3_stm32f1.a(can.o)
 .debug_line    0x000007e8      0x37c /home/gl/Projects/ford/OpenCANBox/libopencm3/lib/libopencm3_stm32f1.a(gpio.o)
 .debug_line    0x00000b64      0x335 /home/gl/Projects/ford/OpenCANBox/libopencm3/lib/libopencm3_stm32f1.a(gpio_common_all.o)
 .debug_line    0x00000e99      0xced /home/gl/Projects/ford/OpenCANBox/libopencm3/lib/libopencm3_stm32f1.a(rcc.o)
 .debug_line    0x00001b86      0x3dc /home/gl/Projects/ford/OpenCANBox/libopencm3/lib/libopencm3_stm32f1.a(rcc_common_all.o)
 .debug_line    0x00001f62      0x350 /home/gl/Projects/ford/OpenCANBox/libopencm3/lib/libopencm3_stm32f1.a(vector.o)
 .debug_line    0x000022b2      0x35d /home/gl/Projects/ford/OpenCANBox/libopencm3/lib/libopencm3_stm32f1.a(nvic.o)
 .debug_line    0x0000260f      0x2e6 /home/gl/Projects/ford/OpenCANBox/libopencm3/lib/libopencm3_stm32f1.a(flash_common_all.o)
 .debug_line    0x000028f5      0x1c2 /usr/lib/gcc/arm-none-eabi/14.1.0/../../../../arm-none-eabi/lib/thumb/v7-m/nofp/libc.a(libc_a-memset.o)
 .debug_line    0x00002ab7       0xbd /usr/lib/gcc/arm-none-eabi/14.1.0/../../../../arm-none-eabi/lib/thumb/v7-m/nofp/libc.a(libc_a-memcpy.o)

.debug_str      0x00000000    0x10100
 .debug_str     0x00000000    0x10100 /home/gl/Projects/ford/OpenCANBox/libopencm3/lib/libopencm3_stm32f1.a(can.o)
                               0x8f81 (size before relaxing)
 .debug_str     0x00010100     0x86b2 /home/gl/Projects/ford/OpenCANBox/libopencm3/lib/libopencm3_stm32f1.a(gpio.o)
 .debug_str     0x00010100     0x86a6 /home/gl/Projects/ford/OpenCANBox/libopencm3/lib/libopencm3_stm32f1.a(gpio_common_all.o)
 .debug_str     0x00010100     0x8307 /home/gl/Projects/ford/OpenCANBox/libopencm3/lib/libopencm3_stm32f1.a(rcc.o)
 .debug_str     0x00010100     0x7a15 /home/gl/Projects/ford/OpenCANBox/libopencm3/lib/libopencm3_stm32f1.a(rcc_common_all.o)
 .debug_str     0x00010100     0x66ec /home/gl/Projects/ford/OpenCANBox/libopencm3/lib/libopencm3_stm32f1.a(vector.o)
 .debug_str     0x00010100     0x5cce /home/gl/Projects/ford/OpenCANBox/libopencm3/lib/libopencm3_stm32f1.a(nvic.o)
 .debug_str     0x00010100     0x55eb /home/gl/Projects/ford/OpenCANBox/libopencm3/lib/libopencm3_stm32f1.a(flash_common_all.o)
 .debug_str     0x00010100      0x1cd /usr/lib/gcc/arm-none-eabi/14.1.0/../../../../arm-none-eabi/lib/thumb/v7-m/nofp/libc.a(libc_a-memset.o)
 .debug_str     0x00010100       0xb5 /usr/lib/gcc/arm-none-eabi/14.1.0/../../../../arm-none-eabi/lib/thumb/v7-m/nofp/libc.a(libc_a-memcpy.o)

.debug_frame    0x00000000      0x7b4
 .debug_frame   0x00000000      0x170 /home/gl/Projects/ford/OpenCANBox/libopencm3/lib/libopencm3_stm32f1.a(can.o)
 .debug_frame   0x00000170       0x64 /home/gl/Projects/ford/OpenCANBox/libopencm3/lib/libopencm3_stm32f1.a(gpio.o)
 .debug_frame   0x000001d4       0x80 /home/gl/Projects/ford/OpenCANBox/libopencm3/lib/libopencm3_stm32f1.a(gpio_common_all.o)
 .debug_frame   0x00000254      0x318 /home/gl/Projects/ford/OpenCANBox/libopencm3/lib/libopencm3_stm32f1.a(rcc.o)
 .debug_frame   0x0000056c       0xe0 /home/gl/Projects/ford/OpenCANBox/libopencm3/lib/libopencm3_stm32f1.a(rcc_common_all.o)
 .debug_frame   0x0000064c       0x4c /home/gl/Projects/ford/OpenCANBox/libopencm3/lib/libopencm3_stm32f1.a(vector.o)
 .debug_frame   0x00000698       0xa0 /home/gl/Projects/ford/OpenCANBox/libopencm3/lib/libopencm3_stm32f1.a(nvic.o)
 .debug_frame   0x00000738       0x50 /home/gl/Projects/ford/OpenCANBox/libopencm3/lib/libopencm3_stm32f1.a(flash_common_all.o)
 .debug_frame   0x00000788       0x2c /usr/lib/gcc/arm-none-eabi/14.1.0/../../../../arm-none-eabi/lib/thumb/v7-m/nofp/libc.a(libc_a-memset.o)

.debug_line_str
                0x00000000       0xa2
 .debug_line_str
                0x00000000       0xa2 /usr/lib/gcc/arm-none-eabi/14.1.0/../../../../arm-none-eabi/lib/thumb/v7-m/nofp/libc.a(libc_a-memcpy.o)

Cross Reference Table

Symbol                                            File
CAN_Drv_EN                                        CMakeFiles/opencanbox.elf.dir/src/gpio.c.obj
                                                  CMakeFiles/opencanbox.elf.dir/src/can.c.obj
CAN_Drv_Slp                                       CMakeFiles/opencanbox.elf.dir/src/gpio.c.obj
                                                  CMakeFiles/opencanbox.elf.dir/src/can.c.obj
CAN_Transmit                                      CMakeFiles/opencanbox.elf.dir/src/can.c.obj
                                                  CMakeFiles/opencanbox.elf.dir/src/filters.c.obj
Car                                               CMakeFiles/opencanbox.elf.dir/src/can.c.obj
                                                  CMakeFiles/opencanbox.elf.dir/src/main.c.obj
Cruise                                            CMakeFiles/opencanbox.elf.dir/src/can.c.obj
                                                  CMakeFiles/opencanbox.elf.dir/src/filters.c.obj
LED1_OFF                                          CMakeFiles/opencanbox.elf.dir/src/gpio.c.obj
                                                  CMakeFiles/opencanbox.elf.dir/src/main.c.obj
LED1_ON                                           CMakeFiles/opencanbox.elf.dir/src/gpio.c.obj
                                                  CMakeFiles/opencanbox.elf.dir/src/main.c.obj
LED1_TOGGLE                                       CMakeFiles/opencanbox.elf.dir/src/gpio.c.obj
                                                  CMakeFiles/opencanbox.elf.dir/src/can.c.obj
__fini_array_end                                  /home/gl/Projects/ford/OpenCANBox/libopencm3/lib/libopencm3_stm32f1.a(vector.o)
__fini_array_start                                /home/gl/Projects/ford/OpenCANBox/libopencm3/lib/libopencm3_stm32f1.a(vector.o)
__init_array_end                                  /home/gl/Projects/ford/OpenCANBox/libopencm3/lib/libopencm3_stm32f1.a(vector.o)
__init_array_start                                /home/gl/Projects/ford/OpenCANBox/libopencm3/lib/libopencm3_stm32f1.a(vector.o)
__preinit_array_end                               /home/gl/Projects/ford/OpenCANBox/libopencm3/lib/libopencm3_stm32f1.a(vector.o)
__preinit_array_start                             /home/gl/Projects/ford/OpenCANBox/libopencm3/lib/libopencm3_stm32f1.a(vector.o)
_data                                             /home/gl/Projects/ford/OpenCANBox/libopencm3/lib/libopencm3_stm32f1.a(vector.o)
_data_loadaddr                                    /home/gl/Projects/ford/OpenCANBox/libopencm3/lib/libopencm3_stm32f1.a(vector.o)
_ebss                                             /home/gl/Projects/ford/OpenCANBox/libopencm3/lib/libopencm3_stm32f1.a(vector.o)
_edata                                            /home/gl/Projects/ford/OpenCANBox/libopencm3/lib/libopencm3_stm32f1.a(vector.o)
_stack                                            /home/gl/Projects/ford/OpenCANBox/libopencm3/lib/libopencm3_stm32f1.a(vector.o)
adc1_2_isr                                        /home/gl/Projects/ford/OpenCANBox/libopencm3/lib/libopencm3_stm32f1.a(vector.o)
adc3_isr                                          /home/gl/Projects/ford/OpenCANBox/libopencm3/lib/libopencm3_stm32f1.a(vector.o)
blocking_handler                                  /home/gl/Projects/ford/OpenCANBox/libopencm3/lib/libopencm3_stm32f1.a(vector.o)
bus_fault_handler                                 /home/gl/Projects/ford/OpenCANBox/libopencm3/lib/libopencm3_stm32f1.a(vector.o)
can2_rx0_isr                                      CMakeFiles/opencanbox.elf.dir/src/can.c.obj
can2_rx1_isr                                      /home/gl/Projects/ford/OpenCANBox/libopencm3/lib/libopencm3_stm32f1.a(vector.o)
can2_sce_isr                                      /home/gl/Projects/ford/OpenCANBox/libopencm3/lib/libopencm3_stm32f1.a(vector.o)
can2_tx_isr                                       /home/gl/Projects/ford/OpenCANBox/libopencm3/lib/libopencm3_stm32f1.a(vector.o)
canRxQueue                                        CMakeFiles/opencanbox.elf.dir/src/can.c.obj
canTxQueue                                        CMakeFiles/opencanbox.elf.dir/src/can.c.obj
can_available_mailbox                             /home/gl/Projects/ford/OpenCANBox/libopencm3/lib/libopencm3_stm32f1.a(can.o)
can_disable_irq                                   /home/gl/Projects/ford/OpenCANBox/libopencm3/lib/libopencm3_stm32f1.a(can.o)
can_enable_irq                                    /home/gl/Projects/ford/OpenCANBox/libopencm3/lib/libopencm3_stm32f1.a(can.o)
                                                  CMakeFiles/opencanbox.elf.dir/src/can.c.obj
can_fifo_release                                  /home/gl/Projects/ford/OpenCANBox/libopencm3/lib/libopencm3_stm32f1.a(can.o)
                                                  CMakeFiles/opencanbox.elf.dir/src/can.c.obj
can_filter_id_list_16bit_init                     /home/gl/Projects/ford/OpenCANBox/libopencm3/lib/libopencm3_stm32f1.a(can.o)
                                                  CMakeFiles/opencanbox.elf.dir/src/can.c.obj
can_filter_id_list_32bit_init                     /home/gl/Projects/ford/OpenCANBox/libopencm3/lib/libopencm3_stm32f1.a(can.o)
can_filter_id_mask_16bit_init                     /home/gl/Projects/ford/OpenCANBox/libopencm3/lib/libopencm3_stm32f1.a(can.o)
can_filter_id_mask_32bit_init                     /home/gl/Projects/ford/OpenCANBox/libopencm3/lib/libopencm3_stm32f1.a(can.o)
can_filter_init                                   /home/gl/Projects/ford/OpenCANBox/libopencm3/lib/libopencm3_stm32f1.a(can.o)
can_init                                          /home/gl/Projects/ford/OpenCANBox/libopencm3/lib/libopencm3_stm32f1.a(can.o)
                                                  CMakeFiles/opencanbox.elf.dir/src/can.c.obj
can_receive                                       /home/gl/Projects/ford/OpenCANBox/libopencm3/lib/libopencm3_stm32f1.a(can.o)
                                                  CMakeFiles/opencanbox.elf.dir/src/can.c.obj
can_reset                                         /home/gl/Projects/ford/OpenCANBox/libopencm3/lib/libopencm3_stm32f1.a(can.o)
                                                  CMakeFiles/opencanbox.elf.dir/src/can.c.obj
can_rx1_isr                                       /home/gl/Projects/ford/OpenCANBox/libopencm3/lib/libopencm3_stm32f1.a(vector.o)
can_rx_task                                       CMakeFiles/opencanbox.elf.dir/src/can.c.obj
can_sce_isr                                       /home/gl/Projects/ford/OpenCANBox/libopencm3/lib/libopencm3_stm32f1.a(vector.o)
can_setup                                         CMakeFiles/opencanbox.elf.dir/src/can.c.obj
                                                  CMakeFiles/opencanbox.elf.dir/src/main.c.obj
can_transmit                                      /home/gl/Projects/ford/OpenCANBox/libopencm3/lib/libopencm3_stm32f1.a(can.o)
                                                  CMakeFiles/opencanbox.elf.dir/src/can.c.obj
can_tx_task                                       CMakeFiles/opencanbox.elf.dir/src/can.c.obj
cm3_assert_failed                                 /home/gl/Projects/ford/OpenCANBox/libopencm3/lib/libopencm3_stm32f1.a(assert.o)
                                                  /home/gl/Projects/ford/OpenCANBox/libopencm3/lib/libopencm3_stm32f1.a(rcc.o)
cm3_assert_failed_verbose                         /home/gl/Projects/ford/OpenCANBox/libopencm3/lib/libopencm3_stm32f1.a(assert.o)
debug_monitor_handler                             /home/gl/Projects/ford/OpenCANBox/libopencm3/lib/libopencm3_stm32f1.a(vector.o)
dma1_channel1_isr                                 /home/gl/Projects/ford/OpenCANBox/libopencm3/lib/libopencm3_stm32f1.a(vector.o)
dma1_channel2_isr                                 /home/gl/Projects/ford/OpenCANBox/libopencm3/lib/libopencm3_stm32f1.a(vector.o)
dma1_channel3_isr                                 /home/gl/Projects/ford/OpenCANBox/libopencm3/lib/libopencm3_stm32f1.a(vector.o)
dma1_channel4_isr                                 /home/gl/Projects/ford/OpenCANBox/libopencm3/lib/libopencm3_stm32f1.a(vector.o)
dma1_channel5_isr                                 /home/gl/Projects/ford/OpenCANBox/libopencm3/lib/libopencm3_stm32f1.a(vector.o)
dma1_channel6_isr                                 /home/gl/Projects/ford/OpenCANBox/libopencm3/lib/libopencm3_stm32f1.a(vector.o)
dma1_channel7_isr                                 /home/gl/Projects/ford/OpenCANBox/libopencm3/lib/libopencm3_stm32f1.a(vector.o)
dma2_channel1_isr                                 /home/gl/Projects/ford/OpenCANBox/libopencm3/lib/libopencm3_stm32f1.a(vector.o)
dma2_channel2_isr                                 /home/gl/Projects/ford/OpenCANBox/libopencm3/lib/libopencm3_stm32f1.a(vector.o)
dma2_channel3_isr                                 /home/gl/Projects/ford/OpenCANBox/libopencm3/lib/libopencm3_stm32f1.a(vector.o)
dma2_channel4_5_isr                               /home/gl/Projects/ford/OpenCANBox/libopencm3/lib/libopencm3_stm32f1.a(vector.o)
dma2_channel5_isr                                 /home/gl/Projects/ford/OpenCANBox/libopencm3/lib/libopencm3_stm32f1.a(vector.o)
eTaskConfirmSleepModeStatus                       libfreertos.a(tasks.c.obj)
                                                  libfreertos.a(port.c.obj)
eth_isr                                           /home/gl/Projects/ford/OpenCANBox/libopencm3/lib/libopencm3_stm32f1.a(vector.o)
eth_wkup_isr                                      /home/gl/Projects/ford/OpenCANBox/libopencm3/lib/libopencm3_stm32f1.a(vector.o)
exti0_isr                                         /home/gl/Projects/ford/OpenCANBox/libopencm3/lib/libopencm3_stm32f1.a(vector.o)
exti15_10_isr                                     /home/gl/Projects/ford/OpenCANBox/libopencm3/lib/libopencm3_stm32f1.a(vector.o)
exti1_isr                                         /home/gl/Projects/ford/OpenCANBox/libopencm3/lib/libopencm3_stm32f1.a(vector.o)
exti2_isr                                         /home/gl/Projects/ford/OpenCANBox/libopencm3/lib/libopencm3_stm32f1.a(vector.o)
exti3_isr                                         /home/gl/Projects/ford/OpenCANBox/libopencm3/lib/libopencm3_stm32f1.a(vector.o)
exti4_isr                                         /home/gl/Projects/ford/OpenCANBox/libopencm3/lib/libopencm3_stm32f1.a(vector.o)
exti9_5_isr                                       /home/gl/Projects/ford/OpenCANBox/libopencm3/lib/libopencm3_stm32f1.a(vector.o)
fixACCbuttons                                     CMakeFiles/opencanbox.elf.dir/src/filters.c.obj
                                                  CMakeFiles/opencanbox.elf.dir/src/can.c.obj
flash_isr                                         /home/gl/Projects/ford/OpenCANBox/libopencm3/lib/libopencm3_stm32f1.a(vector.o)
flash_prefetch_disable                            /home/gl/Projects/ford/OpenCANBox/libopencm3/lib/libopencm3_stm32f1.a(flash_common_all.o)
flash_prefetch_enable                             /home/gl/Projects/ford/OpenCANBox/libopencm3/lib/libopencm3_stm32f1.a(flash_common_all.o)
flash_set_ws                                      /home/gl/Projects/ford/OpenCANBox/libopencm3/lib/libopencm3_stm32f1.a(flash_common_all.o)
                                                  /home/gl/Projects/ford/OpenCANBox/libopencm3/lib/libopencm3_stm32f1.a(rcc.o)
flash_unlock_option_bytes                         /home/gl/Projects/ford/OpenCANBox/libopencm3/lib/libopencm3_stm32f1.a(flash_common_all.o)
fsmc_isr                                          /home/gl/Projects/ford/OpenCANBox/libopencm3/lib/libopencm3_stm32f1.a(vector.o)
gpio_clear                                        /home/gl/Projects/ford/OpenCANBox/libopencm3/lib/libopencm3_stm32f1.a(gpio_common_all.o)
                                                  CMakeFiles/opencanbox.elf.dir/src/gpio.c.obj
gpio_get                                          /home/gl/Projects/ford/OpenCANBox/libopencm3/lib/libopencm3_stm32f1.a(gpio_common_all.o)
gpio_port_config_lock                             /home/gl/Projects/ford/OpenCANBox/libopencm3/lib/libopencm3_stm32f1.a(gpio_common_all.o)
gpio_port_read                                    /home/gl/Projects/ford/OpenCANBox/libopencm3/lib/libopencm3_stm32f1.a(gpio_common_all.o)
gpio_port_write                                   /home/gl/Projects/ford/OpenCANBox/libopencm3/lib/libopencm3_stm32f1.a(gpio_common_all.o)
gpio_primary_remap                                /home/gl/Projects/ford/OpenCANBox/libopencm3/lib/libopencm3_stm32f1.a(gpio.o)
gpio_secondary_remap                              /home/gl/Projects/ford/OpenCANBox/libopencm3/lib/libopencm3_stm32f1.a(gpio.o)
gpio_set                                          /home/gl/Projects/ford/OpenCANBox/libopencm3/lib/libopencm3_stm32f1.a(gpio_common_all.o)
                                                  CMakeFiles/opencanbox.elf.dir/src/gpio.c.obj
                                                  CMakeFiles/opencanbox.elf.dir/src/can.c.obj
gpio_set_eventout                                 /home/gl/Projects/ford/OpenCANBox/libopencm3/lib/libopencm3_stm32f1.a(gpio.o)
gpio_set_mode                                     /home/gl/Projects/ford/OpenCANBox/libopencm3/lib/libopencm3_stm32f1.a(gpio.o)
                                                  CMakeFiles/opencanbox.elf.dir/src/gpio.c.obj
                                                  CMakeFiles/opencanbox.elf.dir/src/can.c.obj
gpio_setup                                        CMakeFiles/opencanbox.elf.dir/src/gpio.c.obj
                                                  CMakeFiles/opencanbox.elf.dir/src/main.c.obj
gpio_toggle                                       /home/gl/Projects/ford/OpenCANBox/libopencm3/lib/libopencm3_stm32f1.a(gpio_common_all.o)
                                                  CMakeFiles/opencanbox.elf.dir/src/gpio.c.obj
hard_fault_handler                                /home/gl/Projects/ford/OpenCANBox/libopencm3/lib/libopencm3_stm32f1.a(vector.o)
i2c1_er_isr                                       /home/gl/Projects/ford/OpenCANBox/libopencm3/lib/libopencm3_stm32f1.a(vector.o)
i2c1_ev_isr                                       /home/gl/Projects/ford/OpenCANBox/libopencm3/lib/libopencm3_stm32f1.a(vector.o)
i2c2_er_isr                                       /home/gl/Projects/ford/OpenCANBox/libopencm3/lib/libopencm3_stm32f1.a(vector.o)
i2c2_ev_isr                                       /home/gl/Projects/ford/OpenCANBox/libopencm3/lib/libopencm3_stm32f1.a(vector.o)
main                                              CMakeFiles/opencanbox.elf.dir/src/main.c.obj
                                                  /home/gl/Projects/ford/OpenCANBox/libopencm3/lib/libopencm3_stm32f1.a(vector.o)
mem_manage_handler                                /home/gl/Projects/ford/OpenCANBox/libopencm3/lib/libopencm3_stm32f1.a(vector.o)
memcpy                                            /usr/lib/gcc/arm-none-eabi/14.1.0/../../../../arm-none-eabi/lib/thumb/v7-m/nofp/libc.a(libc_a-memcpy.o)
                                                  libfreertos.a(queue.c.obj)
                                                  CMakeFiles/opencanbox.elf.dir/src/filters.c.obj
memset                                            /usr/lib/gcc/arm-none-eabi/14.1.0/../../../../arm-none-eabi/lib/thumb/v7-m/nofp/libc.a(libc_a-memset.o)
                                                  libfreertos.a(heap_4.c.obj)
                                                  libfreertos.a(tasks.c.obj)
nmi_handler                                       /home/gl/Projects/ford/OpenCANBox/libopencm3/lib/libopencm3_stm32f1.a(vector.o)
null_handler                                      /home/gl/Projects/ford/OpenCANBox/libopencm3/lib/libopencm3_stm32f1.a(vector.o)
nvic_clear_pending_irq                            /home/gl/Projects/ford/OpenCANBox/libopencm3/lib/libopencm3_stm32f1.a(nvic.o)
nvic_disable_irq                                  /home/gl/Projects/ford/OpenCANBox/libopencm3/lib/libopencm3_stm32f1.a(nvic.o)
nvic_enable_irq                                   /home/gl/Projects/ford/OpenCANBox/libopencm3/lib/libopencm3_stm32f1.a(nvic.o)
                                                  CMakeFiles/opencanbox.elf.dir/src/can.c.obj
nvic_generate_software_interrupt                  /home/gl/Projects/ford/OpenCANBox/libopencm3/lib/libopencm3_stm32f1.a(nvic.o)
nvic_get_active_irq                               /home/gl/Projects/ford/OpenCANBox/libopencm3/lib/libopencm3_stm32f1.a(nvic.o)
nvic_get_irq_enabled                              /home/gl/Projects/ford/OpenCANBox/libopencm3/lib/libopencm3_stm32f1.a(nvic.o)
nvic_get_pending_irq                              /home/gl/Projects/ford/OpenCANBox/libopencm3/lib/libopencm3_stm32f1.a(nvic.o)
nvic_set_pending_irq                              /home/gl/Projects/ford/OpenCANBox/libopencm3/lib/libopencm3_stm32f1.a(nvic.o)
nvic_set_priority                                 /home/gl/Projects/ford/OpenCANBox/libopencm3/lib/libopencm3_stm32f1.a(nvic.o)
                                                  CMakeFiles/opencanbox.elf.dir/src/can.c.obj
onCanIdle                                         CMakeFiles/opencanbox.elf.dir/src/can.c.obj
otg_fs_isr                                        /home/gl/Projects/ford/OpenCANBox/libopencm3/lib/libopencm3_stm32f1.a(vector.o)
pcTaskGetName                                     libfreertos.a(tasks.c.obj)
pcTimerGetName                                    libfreertos.a(timers.c.obj)
pend_sv_handler                                   libfreertos.a(port.c.obj)
                                                  /home/gl/Projects/ford/OpenCANBox/libopencm3/lib/libopencm3_stm32f1.a(vector.o)
pvPortCalloc                                      libfreertos.a(heap_4.c.obj)
pvPortMalloc                                      libfreertos.a(heap_4.c.obj)
                                                  libfreertos.a(croutine.c.obj)
                                                  libfreertos.a(timers.c.obj)
                                                  libfreertos.a(tasks.c.obj)
                                                  libfreertos.a(queue.c.obj)
pvTaskIncrementMutexHeldCount                     libfreertos.a(tasks.c.obj)
                                                  libfreertos.a(queue.c.obj)
pvTimerGetTimerID                                 libfreertos.a(timers.c.obj)
pvd_isr                                           /home/gl/Projects/ford/OpenCANBox/libopencm3/lib/libopencm3_stm32f1.a(vector.o)
pxCurrentCoRoutine                                libfreertos.a(croutine.c.obj)
pxCurrentTCB                                      libfreertos.a(tasks.c.obj)
                                                  libfreertos.a(port.c.obj)
pxPortInitialiseStack                             libfreertos.a(port.c.obj)
                                                  libfreertos.a(tasks.c.obj)
rcc_ahb_frequency                                 /home/gl/Projects/ford/OpenCANBox/libopencm3/lib/libopencm3_stm32f1.a(rcc.o)
rcc_apb1_frequency                                /home/gl/Projects/ford/OpenCANBox/libopencm3/lib/libopencm3_stm32f1.a(rcc.o)
rcc_apb2_frequency                                /home/gl/Projects/ford/OpenCANBox/libopencm3/lib/libopencm3_stm32f1.a(rcc.o)
rcc_backupdomain_reset                            /home/gl/Projects/ford/OpenCANBox/libopencm3/lib/libopencm3_stm32f1.a(rcc.o)
rcc_clock_setup_in_hse_12mhz_out_72mhz            /home/gl/Projects/ford/OpenCANBox/libopencm3/lib/libopencm3_stm32f1.a(rcc.o)
rcc_clock_setup_in_hse_16mhz_out_72mhz            /home/gl/Projects/ford/OpenCANBox/libopencm3/lib/libopencm3_stm32f1.a(rcc.o)
rcc_clock_setup_in_hse_25mhz_out_72mhz            /home/gl/Projects/ford/OpenCANBox/libopencm3/lib/libopencm3_stm32f1.a(rcc.o)
rcc_clock_setup_in_hse_8mhz_out_24mhz             /home/gl/Projects/ford/OpenCANBox/libopencm3/lib/libopencm3_stm32f1.a(rcc.o)
rcc_clock_setup_in_hse_8mhz_out_72mhz             /home/gl/Projects/ford/OpenCANBox/libopencm3/lib/libopencm3_stm32f1.a(rcc.o)
rcc_clock_setup_in_hsi_out_24mhz                  /home/gl/Projects/ford/OpenCANBox/libopencm3/lib/libopencm3_stm32f1.a(rcc.o)
rcc_clock_setup_in_hsi_out_48mhz                  /home/gl/Projects/ford/OpenCANBox/libopencm3/lib/libopencm3_stm32f1.a(rcc.o)
rcc_clock_setup_in_hsi_out_64mhz                  /home/gl/Projects/ford/OpenCANBox/libopencm3/lib/libopencm3_stm32f1.a(rcc.o)
rcc_clock_setup_pll                               /home/gl/Projects/ford/OpenCANBox/libopencm3/lib/libopencm3_stm32f1.a(rcc.o)
                                                  CMakeFiles/opencanbox.elf.dir/src/main.c.obj
rcc_css_disable                                   /home/gl/Projects/ford/OpenCANBox/libopencm3/lib/libopencm3_stm32f1.a(rcc.o)
rcc_css_enable                                    /home/gl/Projects/ford/OpenCANBox/libopencm3/lib/libopencm3_stm32f1.a(rcc.o)
rcc_css_int_clear                                 /home/gl/Projects/ford/OpenCANBox/libopencm3/lib/libopencm3_stm32f1.a(rcc.o)
rcc_css_int_flag                                  /home/gl/Projects/ford/OpenCANBox/libopencm3/lib/libopencm3_stm32f1.a(rcc.o)
rcc_enable_rtc_clock                              /home/gl/Projects/ford/OpenCANBox/libopencm3/lib/libopencm3_stm32f1.a(rcc.o)
rcc_get_div_from_hpre                             /home/gl/Projects/ford/OpenCANBox/libopencm3/lib/libopencm3_stm32f1.a(rcc_common_all.o)
rcc_get_i2c_clk_freq                              /home/gl/Projects/ford/OpenCANBox/libopencm3/lib/libopencm3_stm32f1.a(rcc.o)
rcc_get_timer_clk_freq                            /home/gl/Projects/ford/OpenCANBox/libopencm3/lib/libopencm3_stm32f1.a(rcc.o)
rcc_get_usart_clk_freq                            /home/gl/Projects/ford/OpenCANBox/libopencm3/lib/libopencm3_stm32f1.a(rcc.o)
rcc_hse_configs                                   /home/gl/Projects/ford/OpenCANBox/libopencm3/lib/libopencm3_stm32f1.a(rcc.o)
rcc_hsi_configs                                   /home/gl/Projects/ford/OpenCANBox/libopencm3/lib/libopencm3_stm32f1.a(rcc.o)
                                                  CMakeFiles/opencanbox.elf.dir/src/main.c.obj
rcc_is_osc_ready                                  /home/gl/Projects/ford/OpenCANBox/libopencm3/lib/libopencm3_stm32f1.a(rcc.o)
rcc_isr                                           /home/gl/Projects/ford/OpenCANBox/libopencm3/lib/libopencm3_stm32f1.a(vector.o)
rcc_osc_bypass_disable                            /home/gl/Projects/ford/OpenCANBox/libopencm3/lib/libopencm3_stm32f1.a(rcc_common_all.o)
rcc_osc_bypass_enable                             /home/gl/Projects/ford/OpenCANBox/libopencm3/lib/libopencm3_stm32f1.a(rcc_common_all.o)
rcc_osc_off                                       /home/gl/Projects/ford/OpenCANBox/libopencm3/lib/libopencm3_stm32f1.a(rcc.o)
rcc_osc_on                                        /home/gl/Projects/ford/OpenCANBox/libopencm3/lib/libopencm3_stm32f1.a(rcc.o)
rcc_osc_ready_int_clear                           /home/gl/Projects/ford/OpenCANBox/libopencm3/lib/libopencm3_stm32f1.a(rcc.o)
rcc_osc_ready_int_disable                         /home/gl/Projects/ford/OpenCANBox/libopencm3/lib/libopencm3_stm32f1.a(rcc.o)
rcc_osc_ready_int_enable                          /home/gl/Projects/ford/OpenCANBox/libopencm3/lib/libopencm3_stm32f1.a(rcc.o)
rcc_osc_ready_int_flag                            /home/gl/Projects/ford/OpenCANBox/libopencm3/lib/libopencm3_stm32f1.a(rcc.o)
rcc_periph_clock_disable                          /home/gl/Projects/ford/OpenCANBox/libopencm3/lib/libopencm3_stm32f1.a(rcc_common_all.o)
rcc_periph_clock_enable                           /home/gl/Projects/ford/OpenCANBox/libopencm3/lib/libopencm3_stm32f1.a(rcc_common_all.o)
                                                  CMakeFiles/opencanbox.elf.dir/src/gpio.c.obj
                                                  CMakeFiles/opencanbox.elf.dir/src/can.c.obj
rcc_periph_reset_hold                             /home/gl/Projects/ford/OpenCANBox/libopencm3/lib/libopencm3_stm32f1.a(rcc_common_all.o)
rcc_periph_reset_pulse                            /home/gl/Projects/ford/OpenCANBox/libopencm3/lib/libopencm3_stm32f1.a(rcc_common_all.o)
                                                  /home/gl/Projects/ford/OpenCANBox/libopencm3/lib/libopencm3_stm32f1.a(can.o)
rcc_periph_reset_release                          /home/gl/Projects/ford/OpenCANBox/libopencm3/lib/libopencm3_stm32f1.a(rcc_common_all.o)
rcc_peripheral_clear_reset                        /home/gl/Projects/ford/OpenCANBox/libopencm3/lib/libopencm3_stm32f1.a(rcc_common_all.o)
rcc_peripheral_disable_clock                      /home/gl/Projects/ford/OpenCANBox/libopencm3/lib/libopencm3_stm32f1.a(rcc_common_all.o)
rcc_peripheral_enable_clock                       /home/gl/Projects/ford/OpenCANBox/libopencm3/lib/libopencm3_stm32f1.a(rcc_common_all.o)
rcc_peripheral_reset                              /home/gl/Projects/ford/OpenCANBox/libopencm3/lib/libopencm3_stm32f1.a(rcc_common_all.o)
rcc_rtc_clock_enabled_flag                        /home/gl/Projects/ford/OpenCANBox/libopencm3/lib/libopencm3_stm32f1.a(rcc.o)
rcc_set_adcpre                                    /home/gl/Projects/ford/OpenCANBox/libopencm3/lib/libopencm3_stm32f1.a(rcc.o)
rcc_set_hpre                                      /home/gl/Projects/ford/OpenCANBox/libopencm3/lib/libopencm3_stm32f1.a(rcc.o)
rcc_set_mco                                       /home/gl/Projects/ford/OpenCANBox/libopencm3/lib/libopencm3_stm32f1.a(rcc_common_all.o)
rcc_set_pll2_multiplication_factor                /home/gl/Projects/ford/OpenCANBox/libopencm3/lib/libopencm3_stm32f1.a(rcc.o)
rcc_set_pll3_multiplication_factor                /home/gl/Projects/ford/OpenCANBox/libopencm3/lib/libopencm3_stm32f1.a(rcc.o)
rcc_set_pll_multiplication_factor                 /home/gl/Projects/ford/OpenCANBox/libopencm3/lib/libopencm3_stm32f1.a(rcc.o)
rcc_set_pll_source                                /home/gl/Projects/ford/OpenCANBox/libopencm3/lib/libopencm3_stm32f1.a(rcc.o)
rcc_set_pllxtpre                                  /home/gl/Projects/ford/OpenCANBox/libopencm3/lib/libopencm3_stm32f1.a(rcc.o)
rcc_set_ppre1                                     /home/gl/Projects/ford/OpenCANBox/libopencm3/lib/libopencm3_stm32f1.a(rcc.o)
rcc_set_ppre2                                     /home/gl/Projects/ford/OpenCANBox/libopencm3/lib/libopencm3_stm32f1.a(rcc.o)
rcc_set_prediv1                                   /home/gl/Projects/ford/OpenCANBox/libopencm3/lib/libopencm3_stm32f1.a(rcc.o)
rcc_set_prediv1_source                            /home/gl/Projects/ford/OpenCANBox/libopencm3/lib/libopencm3_stm32f1.a(rcc.o)
rcc_set_prediv2                                   /home/gl/Projects/ford/OpenCANBox/libopencm3/lib/libopencm3_stm32f1.a(rcc.o)
rcc_set_rtc_clock_source                          /home/gl/Projects/ford/OpenCANBox/libopencm3/lib/libopencm3_stm32f1.a(rcc.o)
rcc_set_sysclk_source                             /home/gl/Projects/ford/OpenCANBox/libopencm3/lib/libopencm3_stm32f1.a(rcc.o)
rcc_set_usbpre                                    /home/gl/Projects/ford/OpenCANBox/libopencm3/lib/libopencm3_stm32f1.a(rcc.o)
rcc_system_clock_source                           /home/gl/Projects/ford/OpenCANBox/libopencm3/lib/libopencm3_stm32f1.a(rcc.o)
rcc_wait_for_osc_ready                            /home/gl/Projects/ford/OpenCANBox/libopencm3/lib/libopencm3_stm32f1.a(rcc.o)
reset_handler                                     /home/gl/Projects/ford/OpenCANBox/libopencm3/lib/libopencm3_stm32f1.a(vector.o)
rtc_alarm_isr                                     /home/gl/Projects/ford/OpenCANBox/libopencm3/lib/libopencm3_stm32f1.a(vector.o)
rtc_isr                                           /home/gl/Projects/ford/OpenCANBox/libopencm3/lib/libopencm3_stm32f1.a(vector.o)
sdio_isr                                          /home/gl/Projects/ford/OpenCANBox/libopencm3/lib/libopencm3_stm32f1.a(vector.o)
spi1_isr                                          /home/gl/Projects/ford/OpenCANBox/libopencm3/lib/libopencm3_stm32f1.a(vector.o)
spi2_isr                                          /home/gl/Projects/ford/OpenCANBox/libopencm3/lib/libopencm3_stm32f1.a(vector.o)
spi3_isr                                          /home/gl/Projects/ford/OpenCANBox/libopencm3/lib/libopencm3_stm32f1.a(vector.o)
sv_call_handler                                   libfreertos.a(port.c.obj)
                                                  /home/gl/Projects/ford/OpenCANBox/libopencm3/lib/libopencm3_stm32f1.a(vector.o)
sys_tick_handler                                  libfreertos.a(port.c.obj)
                                                  /home/gl/Projects/ford/OpenCANBox/libopencm3/lib/libopencm3_stm32f1.a(vector.o)
tamper_isr                                        /home/gl/Projects/ford/OpenCANBox/libopencm3/lib/libopencm3_stm32f1.a(vector.o)
tim1_brk_isr                                      /home/gl/Projects/ford/OpenCANBox/libopencm3/lib/libopencm3_stm32f1.a(vector.o)
tim1_cc_isr                                       /home/gl/Projects/ford/OpenCANBox/libopencm3/lib/libopencm3_stm32f1.a(vector.o)
tim1_trg_com_isr                                  /home/gl/Projects/ford/OpenCANBox/libopencm3/lib/libopencm3_stm32f1.a(vector.o)
tim1_up_isr                                       /home/gl/Projects/ford/OpenCANBox/libopencm3/lib/libopencm3_stm32f1.a(vector.o)
tim2_isr                                          /home/gl/Projects/ford/OpenCANBox/libopencm3/lib/libopencm3_stm32f1.a(vector.o)
tim3_isr                                          /home/gl/Projects/ford/OpenCANBox/libopencm3/lib/libopencm3_stm32f1.a(vector.o)
tim4_isr                                          /home/gl/Projects/ford/OpenCANBox/libopencm3/lib/libopencm3_stm32f1.a(vector.o)
tim5_isr                                          /home/gl/Projects/ford/OpenCANBox/libopencm3/lib/libopencm3_stm32f1.a(vector.o)
tim6_isr                                          /home/gl/Projects/ford/OpenCANBox/libopencm3/lib/libopencm3_stm32f1.a(vector.o)
tim7_isr                                          /home/gl/Projects/ford/OpenCANBox/libopencm3/lib/libopencm3_stm32f1.a(vector.o)
tim8_brk_isr                                      /home/gl/Projects/ford/OpenCANBox/libopencm3/lib/libopencm3_stm32f1.a(vector.o)
tim8_cc_isr                                       /home/gl/Projects/ford/OpenCANBox/libopencm3/lib/libopencm3_stm32f1.a(vector.o)
tim8_trg_com_isr                                  /home/gl/Projects/ford/OpenCANBox/libopencm3/lib/libopencm3_stm32f1.a(vector.o)
tim8_up_isr                                       /home/gl/Projects/ford/OpenCANBox/libopencm3/lib/libopencm3_stm32f1.a(vector.o)
uart4_isr                                         /home/gl/Projects/ford/OpenCANBox/libopencm3/lib/libopencm3_stm32f1.a(vector.o)
uart5_isr                                         /home/gl/Projects/ford/OpenCANBox/libopencm3/lib/libopencm3_stm32f1.a(vector.o)
ulSetInterruptMaskFromISR                         libfreertos.a(port.c.obj)
                                                  libfreertos.a(tasks.c.obj)
                                                  libfreertos.a(queue.c.obj)
ulTaskGenericNotifyTake                           libfreertos.a(tasks.c.obj)
ulTaskGenericNotifyValueClear                     libfreertos.a(tasks.c.obj)
usage_fault_handler                               /home/gl/Projects/ford/OpenCANBox/libopencm3/lib/libopencm3_stm32f1.a(vector.o)
usart1_isr                                        /home/gl/Projects/ford/OpenCANBox/libopencm3/lib/libopencm3_stm32f1.a(vector.o)
usart2_isr                                        /home/gl/Projects/ford/OpenCANBox/libopencm3/lib/libopencm3_stm32f1.a(vector.o)
usart3_isr                                        /home/gl/Projects/ford/OpenCANBox/libopencm3/lib/libopencm3_stm32f1.a(vector.o)
usb_hp_can_tx_isr                                 /home/gl/Projects/ford/OpenCANBox/libopencm3/lib/libopencm3_stm32f1.a(vector.o)
usb_lp_can_rx0_isr                                CMakeFiles/opencanbox.elf.dir/src/can.c.obj
usb_wakeup_isr                                    /home/gl/Projects/ford/OpenCANBox/libopencm3/lib/libopencm3_stm32f1.a(vector.o)
uxListRemove                                      libfreertos.a(list.c.obj)
                                                  libfreertos.a(croutine.c.obj)
                                                  libfreertos.a(timers.c.obj)
                                                  libfreertos.a(tasks.c.obj)
uxQueueMessagesWaiting                            libfreertos.a(queue.c.obj)
uxQueueMessagesWaitingFromISR                     libfreertos.a(queue.c.obj)
uxQueueSpacesAvailable                            libfreertos.a(queue.c.obj)
uxTaskGetNumberOfTasks                            libfreertos.a(tasks.c.obj)
                                                  libfreertos.a(queue.c.obj)
uxTaskPriorityGet                                 libfreertos.a(tasks.c.obj)
uxTaskPriorityGetFromISR                          libfreertos.a(tasks.c.obj)
uxTaskResetEventItemValue                         libfreertos.a(tasks.c.obj)
uxTimerGetReloadMode                              libfreertos.a(timers.c.obj)
uxTopUsedPriority                                 libfreertos.a(tasks.c.obj)
vApplicationStackOverflowHook                     CMakeFiles/opencanbox.elf.dir/src/main.c.obj
                                                  libfreertos.a(tasks.c.obj)
vClearInterruptMaskFromISR                        libfreertos.a(port.c.obj)
                                                  libfreertos.a(tasks.c.obj)
                                                  libfreertos.a(queue.c.obj)
vCoRoutineAddToDelayedList                        libfreertos.a(croutine.c.obj)
                                                  libfreertos.a(queue.c.obj)
vCoRoutineSchedule                                libfreertos.a(croutine.c.obj)
vListInitialise                                   libfreertos.a(list.c.obj)
                                                  libfreertos.a(croutine.c.obj)
                                                  libfreertos.a(timers.c.obj)
                                                  libfreertos.a(tasks.c.obj)
                                                  libfreertos.a(queue.c.obj)
vListInitialiseItem                               libfreertos.a(list.c.obj)
                                                  libfreertos.a(croutine.c.obj)
                                                  libfreertos.a(timers.c.obj)
                                                  libfreertos.a(tasks.c.obj)
vListInsert                                       libfreertos.a(list.c.obj)
                                                  libfreertos.a(croutine.c.obj)
                                                  libfreertos.a(timers.c.obj)
                                                  libfreertos.a(tasks.c.obj)
vListInsertEnd                                    libfreertos.a(list.c.obj)
                                                  libfreertos.a(croutine.c.obj)
                                                  libfreertos.a(tasks.c.obj)
vPortEndScheduler                                 libfreertos.a(port.c.obj)
                                                  libfreertos.a(tasks.c.obj)
vPortEnterCritical                                libfreertos.a(port.c.obj)
                                                  libfreertos.a(heap_4.c.obj)
                                                  libfreertos.a(timers.c.obj)
                                                  libfreertos.a(tasks.c.obj)
                                                  libfreertos.a(queue.c.obj)
vPortExitCritical                                 libfreertos.a(port.c.obj)
                                                  libfreertos.a(heap_4.c.obj)
                                                  libfreertos.a(timers.c.obj)
                                                  libfreertos.a(tasks.c.obj)
                                                  libfreertos.a(queue.c.obj)
vPortFree                                         libfreertos.a(heap_4.c.obj)
                                                  libfreertos.a(timers.c.obj)
                                                  libfreertos.a(tasks.c.obj)
                                                  libfreertos.a(queue.c.obj)
vPortGetHeapStats                                 libfreertos.a(heap_4.c.obj)
vPortInitialiseBlocks                             libfreertos.a(heap_4.c.obj)
vPortSetupTimerInterrupt                          libfreertos.a(port.c.obj)
vPortSuppressTicksAndSleep                        libfreertos.a(port.c.obj)
                                                  libfreertos.a(tasks.c.obj)
vPortYield                                        libfreertos.a(port.c.obj)
                                                  libfreertos.a(timers.c.obj)
                                                  libfreertos.a(tasks.c.obj)
                                                  libfreertos.a(queue.c.obj)
vQueueDelete                                      libfreertos.a(queue.c.obj)
vQueueWaitForMessageRestricted                    libfreertos.a(queue.c.obj)
                                                  libfreertos.a(timers.c.obj)
vTaskDelay                                        libfreertos.a(tasks.c.obj)
                                                  CMakeFiles/opencanbox.elf.dir/src/main.c.obj
                                                  CMakeFiles/opencanbox.elf.dir/src/filters.c.obj
                                                  CMakeFiles/opencanbox.elf.dir/src/can.c.obj
vTaskDelete                                       libfreertos.a(tasks.c.obj)
vTaskEndScheduler                                 libfreertos.a(tasks.c.obj)
vTaskGenericNotifyGiveFromISR                     libfreertos.a(tasks.c.obj)
vTaskInternalSetTimeOutState                      libfreertos.a(tasks.c.obj)
                                                  libfreertos.a(queue.c.obj)
vTaskMissedYield                                  libfreertos.a(tasks.c.obj)
                                                  libfreertos.a(queue.c.obj)
vTaskPlaceOnEventList                             libfreertos.a(tasks.c.obj)
                                                  libfreertos.a(queue.c.obj)
vTaskPlaceOnEventListRestricted                   libfreertos.a(tasks.c.obj)
                                                  libfreertos.a(queue.c.obj)
vTaskPlaceOnUnorderedEventList                    libfreertos.a(tasks.c.obj)
vTaskPriorityDisinheritAfterTimeout               libfreertos.a(tasks.c.obj)
                                                  libfreertos.a(queue.c.obj)
vTaskPrioritySet                                  libfreertos.a(tasks.c.obj)
vTaskRemoveFromUnorderedEventList                 libfreertos.a(tasks.c.obj)
vTaskResume                                       libfreertos.a(tasks.c.obj)
vTaskSetTimeOutState                              libfreertos.a(tasks.c.obj)
vTaskStartScheduler                               libfreertos.a(tasks.c.obj)
                                                  CMakeFiles/opencanbox.elf.dir/src/main.c.obj
vTaskStepTick                                     libfreertos.a(tasks.c.obj)
                                                  libfreertos.a(port.c.obj)
vTaskSuspend                                      libfreertos.a(tasks.c.obj)
vTaskSuspendAll                                   libfreertos.a(tasks.c.obj)
                                                  libfreertos.a(heap_4.c.obj)
                                                  libfreertos.a(timers.c.obj)
                                                  libfreertos.a(queue.c.obj)
vTaskSwitchContext                                libfreertos.a(tasks.c.obj)
                                                  libfreertos.a(port.c.obj)
vTimerSetReloadMode                               libfreertos.a(timers.c.obj)
vTimerSetTimerID                                  libfreertos.a(timers.c.obj)
vector_table                                      /home/gl/Projects/ford/OpenCANBox/libopencm3/lib/libopencm3_stm32f1.a(vector.o)
wwdg_isr                                          /home/gl/Projects/ford/OpenCANBox/libopencm3/lib/libopencm3_stm32f1.a(vector.o)
xCoRoutineCreate                                  libfreertos.a(croutine.c.obj)
xCoRoutineRemoveFromEventList                     libfreertos.a(croutine.c.obj)
                                                  libfreertos.a(queue.c.obj)
xPortGetFreeHeapSize                              libfreertos.a(heap_4.c.obj)
xPortGetMinimumEverFreeHeapSize                   libfreertos.a(heap_4.c.obj)
xPortStartScheduler                               libfreertos.a(port.c.obj)
                                                  libfreertos.a(tasks.c.obj)
xQueueCRReceive                                   libfreertos.a(queue.c.obj)
xQueueCRReceiveFromISR                            libfreertos.a(queue.c.obj)
xQueueCRSend                                      libfreertos.a(queue.c.obj)
xQueueCRSendFromISR                               libfreertos.a(queue.c.obj)
xQueueCreateMutex                                 libfreertos.a(queue.c.obj)
xQueueGenericCreate                               libfreertos.a(queue.c.obj)
                                                  libfreertos.a(timers.c.obj)
                                                  CMakeFiles/opencanbox.elf.dir/src/can.c.obj
xQueueGenericReset                                libfreertos.a(queue.c.obj)
xQueueGenericSend                                 libfreertos.a(queue.c.obj)
                                                  libfreertos.a(timers.c.obj)
                                                  CMakeFiles/opencanbox.elf.dir/src/can.c.obj
xQueueGenericSendFromISR                          libfreertos.a(queue.c.obj)
                                                  libfreertos.a(timers.c.obj)
                                                  CMakeFiles/opencanbox.elf.dir/src/can.c.obj
xQueueGiveFromISR                                 libfreertos.a(queue.c.obj)
xQueueIsQueueEmptyFromISR                         libfreertos.a(queue.c.obj)
xQueueIsQueueFullFromISR                          libfreertos.a(queue.c.obj)
xQueuePeek                                        libfreertos.a(queue.c.obj)
xQueuePeekFromISR                                 libfreertos.a(queue.c.obj)
xQueueReceive                                     libfreertos.a(queue.c.obj)
                                                  libfreertos.a(timers.c.obj)
                                                  CMakeFiles/opencanbox.elf.dir/src/can.c.obj
xQueueReceiveFromISR                              libfreertos.a(queue.c.obj)
xQueueSemaphoreTake                               libfreertos.a(queue.c.obj)
xTaskCatchUpTicks                                 libfreertos.a(tasks.c.obj)
xTaskCheckForTimeOut                              libfreertos.a(tasks.c.obj)
                                                  libfreertos.a(queue.c.obj)
xTaskCreate                                       libfreertos.a(tasks.c.obj)
                                                  libfreertos.a(timers.c.obj)
                                                  CMakeFiles/opencanbox.elf.dir/src/main.c.obj
                                                  CMakeFiles/opencanbox.elf.dir/src/can.c.obj
xTaskDelayUntil                                   libfreertos.a(tasks.c.obj)
xTaskGenericNotify                                libfreertos.a(tasks.c.obj)
xTaskGenericNotifyFromISR                         libfreertos.a(tasks.c.obj)
xTaskGenericNotifyStateClear                      libfreertos.a(tasks.c.obj)
xTaskGenericNotifyWait                            libfreertos.a(tasks.c.obj)
xTaskGetCurrentTaskHandle                         libfreertos.a(tasks.c.obj)
xTaskGetSchedulerState                            libfreertos.a(tasks.c.obj)
                                                  libfreertos.a(timers.c.obj)
xTaskGetTickCount                                 libfreertos.a(tasks.c.obj)
                                                  libfreertos.a(croutine.c.obj)
                                                  libfreertos.a(timers.c.obj)
xTaskGetTickCountFromISR                          libfreertos.a(tasks.c.obj)